nohup: ignoring input

============================================================
 analysis_ridge_loo_ROI
 model            : M8_SteadyVisual
 eta2 >=          : 0.030
 pre-stim window  : 5 s
 post-stim window : 12 s
 time_resampling  : 1.00 s
 output           : /data00/leonardo/github/fUSI_analyses/ANALYSES/VISUAL/HRF_analysis_revision/results_ridge_loo/ridge_loo_M8_SteadyVisual_eta003_HRF12s.mat
 nSubs            : 27
============================================================

[Warning: MATLAB has disabled some advanced graphics rendering features by
switching to software OpenGL. For more information, click <a
href="matlab:opengl('problems')">here</a>.] 

----------------------------------------
--- Sub 1 / 27 ---
----------------------------------------
  TR = 0.200 s   stim_dur = 15.00 s
    [ 1/18] Fitting ROI: ccs        ... done (lambda = 1.00e+03, CV-R2 = 0.034)
    [ 2/18] Fitting ROI: MD         ... done (lambda = 1.00e+04, CV-R2 = 0.000)
    [ 3/18] Fitting ROI: LP         ... done (lambda = 1.00e+04, CV-R2 = 0.014)
    [ 4/18] Fitting ROI: VPM        ... done (lambda = 1.00e+04, CV-R2 = 0.000)
    [ 5/18] Fitting ROI: fi         ... done (lambda = 1.00e+04, CV-R2 = 0.000)
    [ 6/18] Fitting ROI: or         ... done (lambda = 1.00e+04, CV-R2 = 0.000)
    [ 7/18] Fitting ROI: Eth        ... done (lambda = 1.00e+04, CV-R2 = 0.000)
    [ 8/18] Fitting ROI: LGv        ... done (lambda = 1.00e+04, CV-R2 = 0.001)
    [ 9/18] Fitting ROI: RSPd       ... done (lambda = 1.00e+04, CV-R2 = 0.000)
    [10/18] Fitting ROI: RSPv       ... done (lambda = 1.00e+04, CV-R2 = 0.032)
    [11/18] Fitting ROI: PF         ... done (lambda = 1.00e+04, CV-R2 = 0.000)
    [12/18] Fitting ROI: PO         ... done (lambda = 1.00e+04, CV-R2 = 0.004)
    [13/18] Fitting ROI: LGd-co     ... done (lambda = 1.00e+03, CV-R2 = 0.000)
    [14/18] Fitting ROI: cing       ... done (lambda = 1.00e+04, CV-R2 = 0.028)
    [15/18] Fitting ROI: dhc        ... done (lambda = 1.00e+04, CV-R2 = 0.012)
    [16/18] Fitting ROI: CL         ... done (lambda = 1.00e+04, CV-R2 = 0.000)
    [17/18] Fitting ROI: TH         ... done (lambda = 1.00e+04, CV-R2 = 0.022)
    [18/18] Fitting ROI: DGd        ... done (lambda = 1.00e+04, CV-R2 = 0.000)
  18 active regions  (lambda range: 1e+03 – 1e+04)

----------------------------------------
--- Sub 2 / 27 ---
----------------------------------------
  only 1 trial(s) — skipping (min = 3).

----------------------------------------
--- Sub 3 / 27 ---
----------------------------------------
  TR = 0.200 s   stim_dur = 15.00 s
    [ 1/10] Fitting ROI: alv        ... done (lambda = 1.00e+03, CV-R2 = 0.000)
    [ 2/10] Fitting ROI: LP         ... done (lambda = 1.00e+04, CV-R2 = 0.011)
    [ 3/10] Fitting ROI: VPM        ... done (lambda = 1.00e+03, CV-R2 = 0.020)
    [ 4/10] Fitting ROI: LGv        ... done (lambda = 1.00e+04, CV-R2 = 0.000)
    [ 5/10] Fitting ROI: RSPd       ... done (lambda = 1.00e+04, CV-R2 = 0.000)
    [ 6/10] Fitting ROI: RSPv       ... done (lambda = 1.00e+04, CV-R2 = 0.000)
    [ 7/10] Fitting ROI: PO         ... done (lambda = 1.00e+04, CV-R2 = 0.000)
    [ 8/10] Fitting ROI: LGd-co     ... done (lambda = 1.00e+04, CV-R2 = 0.016)
    [ 9/10] Fitting ROI: TH         ... done (lambda = 1.00e+03, CV-R2 = 0.028)
    [10/10] Fitting ROI: CA3i       ... done (lambda = 1.00e+03, CV-R2 = 0.000)
  10 active regions  (lambda range: 1e+03 – 1e+04)

----------------------------------------
--- Sub 4 / 27 ---
----------------------------------------
  TR = 0.200 s   stim_dur = 15.00 s
    [ 1/ 9] Fitting ROI: ccs        ... done (lambda = 1.00e+04, CV-R2 = 0.024)
    [ 2/ 9] Fitting ROI: LP         ... done (lambda = 1.00e+04, CV-R2 = 0.011)
    [ 3/ 9] Fitting ROI: VISa       ... done (lambda = 1.00e+04, CV-R2 = 0.000)
    [ 4/ 9] Fitting ROI: RSPagl     ... done (lambda = 1.00e+04, CV-R2 = 0.000)
    [ 5/ 9] Fitting ROI: RSPd       ... done (lambda = 1.00e+04, CV-R2 = 0.000)
    [ 6/ 9] Fitting ROI: RSPv       ... done (lambda = 1.00e+04, CV-R2 = 0.030)
    [ 7/ 9] Fitting ROI: LGd-co     ... done (lambda = 1.00e+04, CV-R2 = 0.000)
    [ 8/ 9] Fitting ROI: SSp-tr     ... done (lambda = 1.00e+04, CV-R2 = 0.000)
    [ 9/ 9] Fitting ROI: SSp-bf     ... done (lambda = 1.00e+04, CV-R2 = 0.000)
  9 active regions  (lambda range: 1e+04 – 1e+04)

----------------------------------------
--- Sub 5 / 27 ---
----------------------------------------
  TR = 0.200 s   stim_dur = 15.00 s
    [ 1/52] Fitting ROI: alv        ... done (lambda = 1.00e+04, CV-R2 = 0.000)
    [ 2/52] Fitting ROI: SPA        ... done (lambda = 1.00e+04, CV-R2 = 0.000)
    [ 3/52] Fitting ROI: VISrl      ... done (lambda = 1.00e+04, CV-R2 = 0.000)
    [ 4/52] Fitting ROI: ccs        ... done (lambda = 1.00e+04, CV-R2 = 0.000)
    [ 5/52] Fitting ROI: IGL        ... done (lambda = 1.00e+04, CV-R2 = 0.000)
    [ 6/52] Fitting ROI: MD         ... done (lambda = 1.00e+04, CV-R2 = 0.000)
    [ 7/52] Fitting ROI: MB         ... done (lambda = 1.00e+04, CV-R2 = 0.000)
    [ 8/52] Fitting ROI: MH         ... done (lambda = 1.00e+04, CV-R2 = 0.000)
    [ 9/52] Fitting ROI: FC         ... done (lambda = 1.00e+04, CV-R2 = 0.010)
    [10/52] Fitting ROI: FF         ... done (lambda = 1.00e+04, CV-R2 = 0.000)
    [11/52] Fitting ROI: ml         ... done (lambda = 1.00e+04, CV-R2 = 0.000)
    [12/52] Fitting ROI: LGd-sh     ... done (lambda = 1.00e+04, CV-R2 = 0.000)
    [13/52] Fitting ROI: LH         ... done (lambda = 1.00e+04, CV-R2 = 0.000)
    [14/52] Fitting ROI: VISam      ... done (lambda = 1.00e+04, CV-R2 = 0.000)
    [15/52] Fitting ROI: LP         ... done (lambda = 1.00e+04, CV-R2 = 0.000)
    [16/52] Fitting ROI: VPM        ... done (lambda = 1.00e+04, CV-R2 = 0.000)
    [17/52] Fitting ROI: VPL        ... done (lambda = 1.00e+04, CV-R2 = 0.000)
    [18/52] Fitting ROI: fi         ... done (lambda = 1.00e+04, CV-R2 = 0.000)
    [19/52] Fitting ROI: or         ... done (lambda = 1.00e+04, CV-R2 = 0.000)
    [20/52] Fitting ROI: ZI         ... done (lambda = 1.00e+04, CV-R2 = 0.000)
    [21/52] Fitting ROI: HY         ... done (lambda = 1.00e+04, CV-R2 = 0.000)
    [22/52] Fitting ROI: VISa       ... done (lambda = 1.00e+04, CV-R2 = 0.000)
    [23/52] Fitting ROI: Eth        ... done (lambda = 1.00e+04, CV-R2 = 0.000)
    [24/52] Fitting ROI: PVT        ... done (lambda = 1.00e+04, CV-R2 = 0.000)
    [25/52] Fitting ROI: RSPagl     ... done (lambda = 1.00e+04, CV-R2 = 0.000)
    [26/52] Fitting ROI: IMD        ... done (lambda = 1.00e+04, CV-R2 = 0.000)
    [27/52] Fitting ROI: SSs        ... done (lambda = 1.00e+04, CV-R2 = 0.000)
    [28/52] Fitting ROI: VPLpc      ... done (lambda = 1.00e+04, CV-R2 = 0.000)
    [29/52] Fitting ROI: LGv        ... done (lambda = 1.00e+04, CV-R2 = 0.000)
    [30/52] Fitting ROI: RSPd       ... done (lambda = 1.00e+04, CV-R2 = 0.000)
    [31/52] Fitting ROI: RSPv       ... done (lambda = 1.00e+04, CV-R2 = 0.000)
    [32/52] Fitting ROI: hbc        ... done (lambda = 1.00e+04, CV-R2 = 0.000)
    [33/52] Fitting ROI: PF         ... done (lambda = 1.00e+04, CV-R2 = 0.000)
    [34/52] Fitting ROI: PH         ... done (lambda = 1.00e+04, CV-R2 = 0.000)
    [35/52] Fitting ROI: PO         ... done (lambda = 1.00e+04, CV-R2 = 0.000)
    [36/52] Fitting ROI: AUDd       ... done (lambda = 1.00e+04, CV-R2 = 0.000)
    [37/52] Fitting ROI: LGd-co     ... done (lambda = 1.00e+04, CV-R2 = 0.000)
    [38/52] Fitting ROI: cing       ... done (lambda = 1.00e+04, CV-R2 = 0.000)
    [39/52] Fitting ROI: dhc        ... done (lambda = 1.00e+04, CV-R2 = 0.000)
    [40/52] Fitting ROI: V3         ... done (lambda = 1.00e+04, CV-R2 = 0.000)
    [41/52] Fitting ROI: chpl       ... done (lambda = 1.00e+04, CV-R2 = 0.000)
    [42/52] Fitting ROI: SPFm       ... done (lambda = 1.00e+04, CV-R2 = 0.000)
    [43/52] Fitting ROI: SSp-bf     ... done (lambda = 1.00e+04, CV-R2 = 0.000)
    [44/52] Fitting ROI: fiber tracts ... done (lambda = 1.00e+04, CV-R2 = 0.000)
    [45/52] Fitting ROI: fr         ... done (lambda = 1.00e+04, CV-R2 = 0.000)
    [46/52] Fitting ROI: ar         ... done (lambda = 1.00e+04, CV-R2 = 0.000)
    [47/52] Fitting ROI: CL         ... done (lambda = 1.00e+04, CV-R2 = 0.000)
    [48/52] Fitting ROI: TH         ... done (lambda = 1.00e+04, CV-R2 = 0.000)
    [49/52] Fitting ROI: VPMpc      ... done (lambda = 1.00e+04, CV-R2 = 0.000)
    [50/52] Fitting ROI: LGd-ip     ... done (lambda = 1.00e+04, CV-R2 = 0.000)
    [51/52] Fitting ROI: CA1d       ... done (lambda = 1.00e+04, CV-R2 = 0.013)
    [52/52] Fitting ROI: DGd        ... done (lambda = 1.00e+04, CV-R2 = 0.000)
  52 active regions  (lambda range: 1e+04 – 1e+04)

----------------------------------------
--- Sub 6 / 27 ---
----------------------------------------
  TR = 0.200 s   stim_dur = 15.00 s
    [ 1/18] Fitting ROI: NPC        ... done (lambda = 1.00e+04, CV-R2 = 0.000)
    [ 2/18] Fitting ROI: IGL        ... done (lambda = 1.00e+04, CV-R2 = 0.000)
    [ 3/18] Fitting ROI: MB         ... done (lambda = 1.00e+04, CV-R2 = 0.000)
    [ 4/18] Fitting ROI: LGd-sh     ... done (lambda = 1.00e+04, CV-R2 = 0.000)
    [ 5/18] Fitting ROI: LP         ... done (lambda = 1.00e+04, CV-R2 = 0.000)
    [ 6/18] Fitting ROI: APN        ... done (lambda = 1.00e+04, CV-R2 = 0.000)
    [ 7/18] Fitting ROI: Eth        ... done (lambda = 1.00e+04, CV-R2 = 0.000)
    [ 8/18] Fitting ROI: POL        ... done (lambda = 1.00e+04, CV-R2 = 0.000)
    [ 9/18] Fitting ROI: PoT        ... done (lambda = 1.00e+04, CV-R2 = 0.000)
    [10/18] Fitting ROI: LGv        ... done (lambda = 1.00e+04, CV-R2 = 0.000)
    [11/18] Fitting ROI: MGv        ... done (lambda = 1.00e+04, CV-R2 = 0.000)
    [12/18] Fitting ROI: LGd-co     ... done (lambda = 1.00e+04, CV-R2 = 0.000)
    [13/18] Fitting ROI: RPF        ... done (lambda = 1.00e+04, CV-R2 = 0.000)
    [14/18] Fitting ROI: OP         ... done (lambda = 1.00e+04, CV-R2 = 0.000)
    [15/18] Fitting ROI: SGN        ... done (lambda = 1.00e+04, CV-R2 = 0.000)
    [16/18] Fitting ROI: LGd-ip     ... done (lambda = 1.00e+04, CV-R2 = 0.000)
    [17/18] Fitting ROI: CA1d       ... done (lambda = 1.00e+04, CV-R2 = 0.000)
    [18/18] Fitting ROI: DGd        ... done (lambda = 1.00e+04, CV-R2 = 0.000)
  18 active regions  (lambda range: 1e+04 – 1e+04)

----------------------------------------
--- Sub 7 / 27 ---
----------------------------------------
  TR = 0.200 s   stim_dur = 15.00 s
    [ 1/23] Fitting ROI: NPC        ... done (lambda = 1.00e+04, CV-R2 = 0.020)
    [ 2/23] Fitting ROI: MB         ... done (lambda = 1.00e+04, CV-R2 = 0.000)
    [ 3/23] Fitting ROI: LGd-sh     ... done (lambda = 1.00e+03, CV-R2 = 0.000)
    [ 4/23] Fitting ROI: LP         ... done (lambda = 1.00e+04, CV-R2 = 0.011)
    [ 5/23] Fitting ROI: APN        ... done (lambda = 1.00e+04, CV-R2 = 0.012)
    [ 6/23] Fitting ROI: RSPagl     ... done (lambda = 1.00e+03, CV-R2 = 0.000)
    [ 7/23] Fitting ROI: POL        ... done (lambda = 1.00e+03, CV-R2 = 0.000)
    [ 8/23] Fitting ROI: PoT        ... done (lambda = 1.00e+04, CV-R2 = 0.011)
    [ 9/23] Fitting ROI: MGd        ... done (lambda = 1.00e+04, CV-R2 = 0.000)
    [10/23] Fitting ROI: RSPd       ... done (lambda = 1.00e+03, CV-R2 = 0.000)
    [11/23] Fitting ROI: RSPv       ... done (lambda = 1.00e+03, CV-R2 = 0.034)
    [12/23] Fitting ROI: bsc        ... done (lambda = 1.00e+04, CV-R2 = 0.000)
    [13/23] Fitting ROI: MGm        ... done (lambda = 1.00e+03, CV-R2 = 0.000)
    [14/23] Fitting ROI: MGv        ... done (lambda = 1.00e+03, CV-R2 = 0.000)
    [15/23] Fitting ROI: LGd-co     ... done (lambda = 1.00e+03, CV-R2 = 0.000)
    [16/23] Fitting ROI: RPF        ... done (lambda = 1.00e+04, CV-R2 = 0.000)
    [17/23] Fitting ROI: V3         ... done (lambda = 1.00e+04, CV-R2 = 0.000)
    [18/23] Fitting ROI: OP         ... done (lambda = 1.00e+04, CV-R2 = 0.000)
    [19/23] Fitting ROI: fiber tracts ... done (lambda = 1.00e+04, CV-R2 = 0.000)
    [20/23] Fitting ROI: TH         ... done (lambda = 1.00e+04, CV-R2 = 0.000)
    [21/23] Fitting ROI: SGN        ... done (lambda = 1.00e+04, CV-R2 = 0.016)
    [22/23] Fitting ROI: LGd-ip     ... done (lambda = 1.00e+03, CV-R2 = 0.022)
    [23/23] Fitting ROI: MRNam      ... done (lambda = 1.00e+04, CV-R2 = 0.000)
  23 active regions  (lambda range: 1e+03 – 1e+04)

----------------------------------------
--- Sub 8 / 27 ---
----------------------------------------
  TR = 0.200 s   stim_dur = 15.00 s
    [ 1/ 3] Fitting ROI: LP         ... done (lambda = 1.00e+04, CV-R2 = 0.000)
    [ 2/ 3] Fitting ROI: APN        ... done (lambda = 1.00e+04, CV-R2 = 0.000)
    [ 3/ 3] Fitting ROI: RSPv       ... done (lambda = 1.00e+04, CV-R2 = 0.000)
  3 active regions  (lambda range: 1e+04 – 1e+04)

----------------------------------------
--- Sub 9 / 27 ---
----------------------------------------
  only 1 trial(s) — skipping (min = 3).

----------------------------------------
--- Sub 10 / 27 ---
----------------------------------------
  only 2 trial(s) — skipping (min = 3).

----------------------------------------
--- Sub 11 / 27 ---
----------------------------------------
  only 1 trial(s) — skipping (min = 3).

----------------------------------------
--- Sub 12 / 27 ---
----------------------------------------
  TR = 0.200 s   stim_dur = 15.00 s
    [ 1/52] Fitting ROI: alv        ... done (lambda = 1.00e+04, CV-R2 = 0.000)
    [ 2/52] Fitting ROI: ProS       ... done (lambda = 1.00e+04, CV-R2 = 0.000)
    [ 3/52] Fitting ROI: VISrl      ... done (lambda = 1.00e+04, CV-R2 = 0.000)
    [ 4/52] Fitting ROI: SNr        ... done (lambda = 1.00e+04, CV-R2 = 0.000)
    [ 5/52] Fitting ROI: NPC        ... done (lambda = 1.00e+04, CV-R2 = 0.000)
    [ 6/52] Fitting ROI: ccs        ... done (lambda = 1.00e+04, CV-R2 = 0.005)
    [ 7/52] Fitting ROI: IGL        ... done (lambda = 1.00e+04, CV-R2 = 0.000)
    [ 8/52] Fitting ROI: MB         ... done (lambda = 1.00e+04, CV-R2 = 0.000)
    [ 9/52] Fitting ROI: FC         ... done (lambda = 1.00e+04, CV-R2 = 0.000)
    [10/52] Fitting ROI: NOT        ... done (lambda = 1.00e+04, CV-R2 = 0.000)
    [11/52] Fitting ROI: LGd-sh     ... done (lambda = 1.00e+04, CV-R2 = 0.002)
    [12/52] Fitting ROI: VISam      ... done (lambda = 1.00e+04, CV-R2 = 0.002)
    [13/52] Fitting ROI: DGv        ... done (lambda = 1.00e+04, CV-R2 = 0.000)
    [14/52] Fitting ROI: LP         ... done (lambda = 1.00e+04, CV-R2 = 0.006)
    [15/52] Fitting ROI: CA1v       ... done (lambda = 1.00e+04, CV-R2 = 0.000)
    [16/52] Fitting ROI: or         ... done (lambda = 1.00e+04, CV-R2 = 0.003)
    [17/52] Fitting ROI: PRC        ... done (lambda = 1.00e+04, CV-R2 = 0.000)
    [18/52] Fitting ROI: APN        ... done (lambda = 1.00e+04, CV-R2 = 0.000)
    [19/52] Fitting ROI: fp         ... done (lambda = 1.00e+04, CV-R2 = 0.000)
    [20/52] Fitting ROI: VISa       ... done (lambda = 1.00e+04, CV-R2 = 0.000)
    [21/52] Fitting ROI: Eth        ... done (lambda = 1.00e+04, CV-R2 = 0.000)
    [22/52] Fitting ROI: RSPagl     ... done (lambda = 1.00e+04, CV-R2 = 0.006)
    [23/52] Fitting ROI: POL        ... done (lambda = 1.00e+04, CV-R2 = 0.000)
    [24/52] Fitting ROI: PoT        ... done (lambda = 1.00e+04, CV-R2 = 0.000)
    [25/52] Fitting ROI: LGv        ... done (lambda = 1.00e+04, CV-R2 = 0.000)
    [26/52] Fitting ROI: MGd        ... done (lambda = 1.00e+04, CV-R2 = 0.000)
    [27/52] Fitting ROI: RSPd       ... done (lambda = 1.00e+04, CV-R2 = 0.003)
    [28/52] Fitting ROI: RSPv       ... done (lambda = 1.00e+04, CV-R2 = 0.005)
    [29/52] Fitting ROI: bsc        ... done (lambda = 1.00e+04, CV-R2 = 0.000)
    [30/52] Fitting ROI: PP         ... done (lambda = 1.00e+04, CV-R2 = 0.000)
    [31/52] Fitting ROI: MGm        ... done (lambda = 1.00e+04, CV-R2 = 0.000)
    [32/52] Fitting ROI: MGv        ... done (lambda = 1.00e+04, CV-R2 = 0.003)
    [33/52] Fitting ROI: pc         ... done (lambda = 1.00e+04, CV-R2 = 0.000)
    [34/52] Fitting ROI: LGd-co     ... done (lambda = 1.00e+04, CV-R2 = 0.007)
    [35/52] Fitting ROI: RPF        ... done (lambda = 1.00e+04, CV-R2 = 0.000)
    [36/52] Fitting ROI: cing       ... done (lambda = 1.00e+04, CV-R2 = 0.006)
    [37/52] Fitting ROI: dhc        ... done (lambda = 1.00e+04, CV-R2 = 0.005)
    [38/52] Fitting ROI: V3         ... done (lambda = 1.00e+04, CV-R2 = 0.000)
    [39/52] Fitting ROI: PIL        ... done (lambda = 1.00e+04, CV-R2 = 0.000)
    [40/52] Fitting ROI: chpl       ... done (lambda = 1.00e+04, CV-R2 = 0.000)
    [41/52] Fitting ROI: OP         ... done (lambda = 1.00e+04, CV-R2 = 0.000)
    [42/52] Fitting ROI: SUB        ... done (lambda = 1.00e+04, CV-R2 = 0.000)
    [43/52] Fitting ROI: SSp-bf     ... done (lambda = 1.00e+04, CV-R2 = 0.000)
    [44/52] Fitting ROI: fiber tracts ... done (lambda = 1.00e+04, CV-R2 = 0.000)
    [45/52] Fitting ROI: ar         ... done (lambda = 1.00e+04, CV-R2 = 0.000)
    [46/52] Fitting ROI: TH         ... done (lambda = 1.00e+04, CV-R2 = 0.008)
    [47/52] Fitting ROI: SGN        ... done (lambda = 1.00e+04, CV-R2 = 0.006)
    [48/52] Fitting ROI: MRNal      ... done (lambda = 1.00e+04, CV-R2 = 0.000)
    [49/52] Fitting ROI: MRNam      ... done (lambda = 1.00e+04, CV-R2 = 0.000)
    [50/52] Fitting ROI: CA1d       ... done (lambda = 1.00e+04, CV-R2 = 0.000)
    [51/52] Fitting ROI: CA3d       ... done (lambda = 1.00e+04, CV-R2 = 0.000)
    [52/52] Fitting ROI: DGd        ... done (lambda = 1.00e+04, CV-R2 = 0.000)
  52 active regions  (lambda range: 1e+04 – 1e+04)

----------------------------------------
--- Sub 13 / 27 ---
----------------------------------------
  only 2 trial(s) — skipping (min = 3).

----------------------------------------
--- Sub 14 / 27 ---
----------------------------------------
  TR = 0.200 s   stim_dur = 15.00 s
    [ 1/41] Fitting ROI: CPmvl      ... done (lambda = 1.00e+04, CV-R2 = 0.000)
    [ 2/41] Fitting ROI: LHA        ... done (lambda = 1.00e+04, CV-R2 = 0.000)
    [ 3/41] Fitting ROI: MOp        ... done (lambda = 1.00e+04, CV-R2 = 0.000)
    [ 4/41] Fitting ROI: LSc        ... done (lambda = 1.00e+04, CV-R2 = 0.000)
    [ 5/41] Fitting ROI: LSr        ... done (lambda = 1.00e+04, CV-R2 = 0.013)
    [ 6/41] Fitting ROI: SSp-ll     ... done (lambda = 1.00e+04, CV-R2 = 0.000)
    [ 7/41] Fitting ROI: BST        ... done (lambda = 1.00e+04, CV-R2 = 0.000)
    [ 8/41] Fitting ROI: SI         ... done (lambda = 1.00e+04, CV-R2 = 0.000)
    [ 9/41] Fitting ROI: SF         ... done (lambda = 1.00e+04, CV-R2 = 0.012)
    [10/41] Fitting ROI: fi         ... done (lambda = 1.00e+04, CV-R2 = 0.000)
    [11/41] Fitting ROI: sm         ... done (lambda = 1.00e+04, CV-R2 = 0.005)
    [12/41] Fitting ROI: RT         ... done (lambda = 1.00e+04, CV-R2 = 0.000)
    [13/41] Fitting ROI: SSp-un     ... done (lambda = 1.00e+04, CV-R2 = 0.000)
    [14/41] Fitting ROI: GPe        ... done (lambda = 1.00e+04, CV-R2 = 0.000)
    [15/41] Fitting ROI: SSp-ul     ... done (lambda = 1.00e+04, CV-R2 = 0.000)
    [16/41] Fitting ROI: st         ... done (lambda = 1.00e+03, CV-R2 = 0.000)
    [17/41] Fitting ROI: SSp-n      ... done (lambda = 1.00e+04, CV-R2 = 0.000)
    [18/41] Fitting ROI: PVT        ... done (lambda = 1.00e+04, CV-R2 = 0.000)
    [19/41] Fitting ROI: PAL        ... done (lambda = 1.00e+04, CV-R2 = 0.000)
    [20/41] Fitting ROI: SSp-m      ... done (lambda = 1.00e+04, CV-R2 = 0.000)
    [21/41] Fitting ROI: ACAv       ... done (lambda = 1.00e+04, CV-R2 = 0.006)
    [22/41] Fitting ROI: ACAd       ... done (lambda = 1.00e+04, CV-R2 = 0.002)
    [23/41] Fitting ROI: cing       ... done (lambda = 1.00e+04, CV-R2 = 0.000)
    [24/41] Fitting ROI: V3         ... done (lambda = 1.00e+04, CV-R2 = 0.000)
    [25/41] Fitting ROI: VL         ... done (lambda = 1.00e+04, CV-R2 = 0.000)
    [26/41] Fitting ROI: ccb        ... done (lambda = 1.00e+04, CV-R2 = 0.000)
    [27/41] Fitting ROI: chpl       ... done (lambda = 1.00e+04, CV-R2 = 0.000)
    [28/41] Fitting ROI: MOs        ... done (lambda = 1.00e+04, CV-R2 = 0.000)
    [29/41] Fitting ROI: MEA        ... done (lambda = 1.00e+03, CV-R2 = 0.000)
    [30/41] Fitting ROI: STR        ... done (lambda = 1.00e+03, CV-R2 = 0.000)
    [31/41] Fitting ROI: int        ... done (lambda = 1.00e+04, CV-R2 = 0.000)
    [32/41] Fitting ROI: TH         ... done (lambda = 1.00e+04, CV-R2 = 0.000)
    [33/41] Fitting ROI: AMv        ... done (lambda = 1.00e+04, CV-R2 = 0.000)
    [34/41] Fitting ROI: AV         ... done (lambda = 1.00e+04, CV-R2 = 0.000)
    [35/41] Fitting ROI: CPmvc      ... done (lambda = 1.00e+04, CV-R2 = 0.007)
    [36/41] Fitting ROI: CPmmm      ... done (lambda = 1.00e+03, CV-R2 = 0.010)
    [37/41] Fitting ROI: CPmmc      ... done (lambda = 1.00e+03, CV-R2 = 0.024)
    [38/41] Fitting ROI: CPmml      ... done (lambda = 1.00e+04, CV-R2 = 0.000)
    [39/41] Fitting ROI: CPmdm      ... done (lambda = 1.00e+04, CV-R2 = 0.000)
    [40/41] Fitting ROI: CPmdc      ... done (lambda = 1.00e+04, CV-R2 = 0.009)
    [41/41] Fitting ROI: CPmdl      ... done (lambda = 1.00e+04, CV-R2 = 0.000)
  41 active regions  (lambda range: 1e+03 – 1e+04)

----------------------------------------
--- Sub 15 / 27 ---
----------------------------------------
  TR = 0.200 s   stim_dur = 15.00 s
    [ 1/ 8] Fitting ROI: LGd-sh     ... done (lambda = 1.00e+04, CV-R2 = 0.000)
    [ 2/ 8] Fitting ROI: VISam      ... done (lambda = 1.00e+03, CV-R2 = 0.000)
    [ 3/ 8] Fitting ROI: LP         ... done (lambda = 1.00e+03, CV-R2 = 0.000)
    [ 4/ 8] Fitting ROI: APN        ... done (lambda = 1.00e+03, CV-R2 = 0.000)
    [ 5/ 8] Fitting ROI: VISa       ... done (lambda = 1.00e+03, CV-R2 = 0.000)
    [ 6/ 8] Fitting ROI: RSPagl     ... done (lambda = 1.00e+03, CV-R2 = 0.000)
    [ 7/ 8] Fitting ROI: POL        ... done (lambda = 1.00e+04, CV-R2 = 0.000)
    [ 8/ 8] Fitting ROI: RSPd       ... done (lambda = 1.00e+03, CV-R2 = 0.000)
  8 active regions  (lambda range: 1e+03 – 1e+04)

----------------------------------------
--- Sub 16 / 27 ---
----------------------------------------
  TR = 0.200 s   stim_dur = 15.00 s
    [ 1/32] Fitting ROI: alv        ... done (lambda = 1.00e+04, CV-R2 = 0.000)
    [ 2/32] Fitting ROI: ProS       ... done (lambda = 1.00e+04, CV-R2 = 0.000)
    [ 3/32] Fitting ROI: NPC        ... done (lambda = 1.00e+04, CV-R2 = 0.000)
    [ 4/32] Fitting ROI: MPT        ... done (lambda = 1.00e+04, CV-R2 = 0.000)
    [ 5/32] Fitting ROI: MB         ... done (lambda = 1.00e+04, CV-R2 = 0.000)
    [ 6/32] Fitting ROI: NOT        ... done (lambda = 1.00e+04, CV-R2 = 0.000)
    [ 7/32] Fitting ROI: PPT        ... done (lambda = 1.00e+04, CV-R2 = 0.000)
    [ 8/32] Fitting ROI: LGd-sh     ... done (lambda = 1.00e+04, CV-R2 = 0.018)
    [ 9/32] Fitting ROI: LP         ... done (lambda = 1.00e+04, CV-R2 = 0.014)
    [10/32] Fitting ROI: CA3v       ... done (lambda = 1.00e+04, CV-R2 = 0.000)
    [11/32] Fitting ROI: APN        ... done (lambda = 1.00e+04, CV-R2 = 0.000)
    [12/32] Fitting ROI: POL        ... done (lambda = 1.00e+04, CV-R2 = 0.000)
    [13/32] Fitting ROI: PoT        ... done (lambda = 1.00e+04, CV-R2 = 0.000)
    [14/32] Fitting ROI: MGd        ... done (lambda = 1.00e+04, CV-R2 = 0.000)
    [15/32] Fitting ROI: RSPv       ... done (lambda = 1.00e+04, CV-R2 = 0.000)
    [16/32] Fitting ROI: bsc        ... done (lambda = 1.00e+04, CV-R2 = 0.000)
    [17/32] Fitting ROI: MGm        ... done (lambda = 1.00e+04, CV-R2 = 0.000)
    [18/32] Fitting ROI: MGv        ... done (lambda = 1.00e+04, CV-R2 = 0.000)
    [19/32] Fitting ROI: LGd-co     ... done (lambda = 1.00e+04, CV-R2 = 0.015)
    [20/32] Fitting ROI: RPF        ... done (lambda = 1.00e+03, CV-R2 = 0.000)
    [21/32] Fitting ROI: V3         ... done (lambda = 1.00e+04, CV-R2 = 0.000)
    [22/32] Fitting ROI: chpl       ... done (lambda = 1.00e+03, CV-R2 = 0.000)
    [23/32] Fitting ROI: OP         ... done (lambda = 1.00e+03, CV-R2 = 0.000)
    [24/32] Fitting ROI: SUB        ... done (lambda = 1.00e+04, CV-R2 = 0.000)
    [25/32] Fitting ROI: fiber tracts ... done (lambda = 1.00e+04, CV-R2 = 0.005)
    [26/32] Fitting ROI: TH         ... done (lambda = 1.00e+04, CV-R2 = 0.000)
    [27/32] Fitting ROI: SGN        ... done (lambda = 1.00e+04, CV-R2 = 0.008)
    [28/32] Fitting ROI: MRNam      ... done (lambda = 1.00e+04, CV-R2 = 0.000)
    [29/32] Fitting ROI: CA1d       ... done (lambda = 1.00e+04, CV-R2 = 0.000)
    [30/32] Fitting ROI: CA3d       ... done (lambda = 1.00e+04, CV-R2 = 0.000)
    [31/32] Fitting ROI: DGd        ... done (lambda = 1.00e+04, CV-R2 = 0.000)
    [32/32] Fitting ROI: CA3i       ... done (lambda = 1.00e+04, CV-R2 = 0.000)
  32 active regions  (lambda range: 1e+03 – 1e+04)

----------------------------------------
--- Sub 17 / 27 ---
----------------------------------------
  TR = 0.200 s   stim_dur = 15.00 s
    [ 1/19] Fitting ROI: ccs        ... done (lambda = 1.00e+04, CV-R2 = 0.000)
    [ 2/19] Fitting ROI: MD         ... done (lambda = 1.00e+04, CV-R2 = 0.000)
    [ 3/19] Fitting ROI: LH         ... done (lambda = 1.00e+04, CV-R2 = 0.000)
    [ 4/19] Fitting ROI: LP         ... done (lambda = 1.00e+04, CV-R2 = 0.000)
    [ 5/19] Fitting ROI: VPM        ... done (lambda = 1.00e+04, CV-R2 = 0.000)
    [ 6/19] Fitting ROI: or         ... done (lambda = 1.00e+04, CV-R2 = 0.000)
    [ 7/19] Fitting ROI: ZI         ... done (lambda = 1.00e+04, CV-R2 = 0.000)
    [ 8/19] Fitting ROI: VISa       ... done (lambda = 1.00e+04, CV-R2 = 0.000)
    [ 9/19] Fitting ROI: Eth        ... done (lambda = 1.00e+04, CV-R2 = 0.000)
    [10/19] Fitting ROI: RSPagl     ... done (lambda = 1.00e+04, CV-R2 = 0.000)
    [11/19] Fitting ROI: VPLpc      ... done (lambda = 1.00e+04, CV-R2 = 0.000)
    [12/19] Fitting ROI: RSPd       ... done (lambda = 1.00e+04, CV-R2 = 0.000)
    [13/19] Fitting ROI: RSPv       ... done (lambda = 1.00e+04, CV-R2 = 0.000)
    [14/19] Fitting ROI: PF         ... done (lambda = 1.00e+04, CV-R2 = 0.000)
    [15/19] Fitting ROI: PO         ... done (lambda = 1.00e+04, CV-R2 = 0.000)
    [16/19] Fitting ROI: LGd-co     ... done (lambda = 1.00e+04, CV-R2 = 0.000)
    [17/19] Fitting ROI: V3         ... done (lambda = 1.00e+04, CV-R2 = 0.000)
    [18/19] Fitting ROI: fr         ... done (lambda = 1.00e+04, CV-R2 = 0.000)
    [19/19] Fitting ROI: CL         ... done (lambda = 1.00e+04, CV-R2 = 0.000)
  19 active regions  (lambda range: 1e+04 – 1e+04)

----------------------------------------
--- Sub 18 / 27 ---
----------------------------------------
  only 1 trial(s) — skipping (min = 3).

----------------------------------------
--- Sub 19 / 27 ---
----------------------------------------
  only 2 trial(s) — skipping (min = 3).

----------------------------------------
--- Sub 20 / 27 ---
----------------------------------------
  TR = 0.200 s   stim_dur = 15.00 s
    [ 1/ 3] Fitting ROI: LP         ... done (lambda = 1.00e+04, CV-R2 = 0.006)
    [ 2/ 3] Fitting ROI: APN        ... done (lambda = 1.00e+04, CV-R2 = 0.006)
    [ 3/ 3] Fitting ROI: MGv        ... done (lambda = 1.00e+04, CV-R2 = 0.011)
  3 active regions  (lambda range: 1e+04 – 1e+04)

----------------------------------------
--- Sub 21 / 27 ---
----------------------------------------
  TR = 0.200 s   stim_dur = 15.00 s
    [ 1/47] Fitting ROI: alv        ... done (lambda = 1.00e+03, CV-R2 = 0.000)
    [ 2/47] Fitting ROI: VISrl      ... done (lambda = 1.00e+03, CV-R2 = 0.000)
    [ 3/47] Fitting ROI: SNr        ... done (lambda = 1.00e+03, CV-R2 = 0.000)
    [ 4/47] Fitting ROI: NPC        ... done (lambda = 1.00e+03, CV-R2 = 0.000)
    [ 5/47] Fitting ROI: ccs        ... done (lambda = 1.00e+03, CV-R2 = 0.015)
    [ 6/47] Fitting ROI: IGL        ... done (lambda = 1.00e+03, CV-R2 = 0.000)
    [ 7/47] Fitting ROI: MB         ... done (lambda = 1.00e+03, CV-R2 = 0.000)
    [ 8/47] Fitting ROI: LGd-sh     ... done (lambda = 1.00e+03, CV-R2 = 0.025)
    [ 9/47] Fitting ROI: VISam      ... done (lambda = 1.00e+03, CV-R2 = 0.000)
    [10/47] Fitting ROI: DGv        ... done (lambda = 1.00e+03, CV-R2 = 0.000)
    [11/47] Fitting ROI: LT         ... done (lambda = 1.00e+03, CV-R2 = 0.014)
    [12/47] Fitting ROI: LP         ... done (lambda = 1.00e+03, CV-R2 = 0.000)
    [13/47] Fitting ROI: CA3v       ... done (lambda = 1.00e+04, CV-R2 = 0.000)
    [14/47] Fitting ROI: CA1v       ... done (lambda = 1.00e+03, CV-R2 = 0.000)
    [15/47] Fitting ROI: or         ... done (lambda = 1.00e+03, CV-R2 = 0.000)
    [16/47] Fitting ROI: APN        ... done (lambda = 1.00e+03, CV-R2 = 0.000)
    [17/47] Fitting ROI: VISa       ... done (lambda = 1.00e+03, CV-R2 = 0.000)
    [18/47] Fitting ROI: RSPagl     ... done (lambda = 1.00e+03, CV-R2 = 0.016)
    [19/47] Fitting ROI: POL        ... done (lambda = 1.00e+03, CV-R2 = 0.000)
    [20/47] Fitting ROI: PoT        ... done (lambda = 1.00e+03, CV-R2 = 0.000)
    [21/47] Fitting ROI: LGv        ... done (lambda = 1.00e+03, CV-R2 = 0.000)
    [22/47] Fitting ROI: MGd        ... done (lambda = 1.00e+03, CV-R2 = 0.000)
    [23/47] Fitting ROI: RSPd       ... done (lambda = 1.00e+03, CV-R2 = 0.034)
    [24/47] Fitting ROI: RSPv       ... done (lambda = 1.00e+03, CV-R2 = 0.044)
    [25/47] Fitting ROI: bsc        ... done (lambda = 1.00e+03, CV-R2 = 0.000)
    [26/47] Fitting ROI: MGm        ... done (lambda = 1.00e+03, CV-R2 = 0.000)
    [27/47] Fitting ROI: MGv        ... done (lambda = 1.00e+03, CV-R2 = 0.000)
    [28/47] Fitting ROI: scwm       ... done (lambda = 1.00e+03, CV-R2 = 0.000)
    [29/47] Fitting ROI: LGd-co     ... done (lambda = 1.00e+03, CV-R2 = 0.018)
    [30/47] Fitting ROI: cing       ... done (lambda = 1.00e+03, CV-R2 = 0.047)
    [31/47] Fitting ROI: dhc        ... done (lambda = 1.00e+03, CV-R2 = 0.000)
    [32/47] Fitting ROI: V3         ... done (lambda = 1.00e+03, CV-R2 = 0.000)
    [33/47] Fitting ROI: PIL        ... done (lambda = 1.00e+03, CV-R2 = 0.000)
    [34/47] Fitting ROI: chpl       ... done (lambda = 1.00e+04, CV-R2 = 0.000)
    [35/47] Fitting ROI: OP         ... done (lambda = 1.00e+03, CV-R2 = 0.000)
    [36/47] Fitting ROI: SUB        ... done (lambda = 1.00e+03, CV-R2 = 0.000)
    [37/47] Fitting ROI: SSp-bf     ... done (lambda = 1.00e+03, CV-R2 = 0.011)
    [38/47] Fitting ROI: fiber tracts ... done (lambda = 1.00e+03, CV-R2 = 0.014)
    [39/47] Fitting ROI: ar         ... done (lambda = 1.00e+03, CV-R2 = 0.000)
    [40/47] Fitting ROI: TH         ... done (lambda = 1.00e+03, CV-R2 = 0.000)
    [41/47] Fitting ROI: SGN        ... done (lambda = 1.00e+03, CV-R2 = 0.000)
    [42/47] Fitting ROI: LGd-ip     ... done (lambda = 1.00e+04, CV-R2 = 0.006)
    [43/47] Fitting ROI: MRNam      ... done (lambda = 1.00e+03, CV-R2 = 0.000)
    [44/47] Fitting ROI: CA1d       ... done (lambda = 1.00e+03, CV-R2 = 0.000)
    [45/47] Fitting ROI: CA3d       ... done (lambda = 1.00e+03, CV-R2 = 0.000)
    [46/47] Fitting ROI: DGd        ... done (lambda = 1.00e+03, CV-R2 = 0.000)
    [47/47] Fitting ROI: CA3i       ... done (lambda = 1.00e+03, CV-R2 = 0.000)
  47 active regions  (lambda range: 1e+03 – 1e+04)

----------------------------------------
--- Sub 22 / 27 ---
----------------------------------------
  TR = 0.200 s   stim_dur = 15.00 s
    [ 1/20] Fitting ROI: VISrl      ... done (lambda = 1.00e+04, CV-R2 = 0.000)
    [ 2/20] Fitting ROI: ccs        ... done (lambda = 1.00e+03, CV-R2 = 0.024)
    [ 3/20] Fitting ROI: LGd-sh     ... done (lambda = 1.00e+03, CV-R2 = 0.000)
    [ 4/20] Fitting ROI: VISam      ... done (lambda = 1.00e+03, CV-R2 = 0.000)
    [ 5/20] Fitting ROI: LP         ... done (lambda = 1.00e+03, CV-R2 = 0.010)
    [ 6/20] Fitting ROI: or         ... done (lambda = 1.00e+04, CV-R2 = 0.000)
    [ 7/20] Fitting ROI: APN        ... done (lambda = 1.00e+03, CV-R2 = 0.000)
    [ 8/20] Fitting ROI: fp         ... done (lambda = 1.00e+04, CV-R2 = 0.000)
    [ 9/20] Fitting ROI: VISa       ... done (lambda = 1.00e+03, CV-R2 = 0.000)
    [10/20] Fitting ROI: RSPagl     ... done (lambda = 1.00e+03, CV-R2 = 0.000)
    [11/20] Fitting ROI: POL        ... done (lambda = 1.00e+03, CV-R2 = 0.000)
    [12/20] Fitting ROI: RSPd       ... done (lambda = 1.00e+03, CV-R2 = 0.000)
    [13/20] Fitting ROI: RSPv       ... done (lambda = 1.00e+04, CV-R2 = 0.000)
    [14/20] Fitting ROI: MGv        ... done (lambda = 1.00e+03, CV-R2 = 0.000)
    [15/20] Fitting ROI: cing       ... done (lambda = 1.00e+04, CV-R2 = 0.015)
    [16/20] Fitting ROI: dhc        ... done (lambda = 1.00e+03, CV-R2 = 0.044)
    [17/20] Fitting ROI: TH         ... done (lambda = 1.00e+03, CV-R2 = 0.000)
    [18/20] Fitting ROI: SGN        ... done (lambda = 1.00e+04, CV-R2 = 0.000)
    [19/20] Fitting ROI: MRNam      ... done (lambda = 1.00e+03, CV-R2 = 0.000)
    [20/20] Fitting ROI: CA1d       ... done (lambda = 1.00e+04, CV-R2 = 0.000)
  20 active regions  (lambda range: 1e+03 – 1e+04)

----------------------------------------
--- Sub 23 / 27 ---
----------------------------------------
  TR = 0.200 s   stim_dur = 15.00 s
    [ 1/11] Fitting ROI: ccs        ... done (lambda = 1.00e+04, CV-R2 = 0.000)
    [ 2/11] Fitting ROI: LP         ... done (lambda = 1.00e+03, CV-R2 = 0.000)
    [ 3/11] Fitting ROI: CA1v       ... done (lambda = 1.00e+03, CV-R2 = 0.000)
    [ 4/11] Fitting ROI: RSPd       ... done (lambda = 1.00e+03, CV-R2 = 0.000)
    [ 5/11] Fitting ROI: RSPv       ... done (lambda = 1.00e+04, CV-R2 = 0.024)
    [ 6/11] Fitting ROI: cing       ... done (lambda = 1.00e+04, CV-R2 = 0.000)
    [ 7/11] Fitting ROI: dhc        ... done (lambda = 1.00e+04, CV-R2 = 0.000)
    [ 8/11] Fitting ROI: V3         ... done (lambda = 1.00e+03, CV-R2 = 0.000)
    [ 9/11] Fitting ROI: SSp-tr     ... done (lambda = 1.00e+03, CV-R2 = 0.000)
    [10/11] Fitting ROI: SSp-bf     ... done (lambda = 1.00e+03, CV-R2 = 0.000)
    [11/11] Fitting ROI: CA3i       ... done (lambda = 1.00e+04, CV-R2 = 0.000)
  11 active regions  (lambda range: 1e+03 – 1e+04)

----------------------------------------
--- Sub 24 / 27 ---
----------------------------------------
  TR = 0.200 s   stim_dur = 15.00 s
    [ 1/ 1] Fitting ROI: LP         ... done (lambda = 1.00e+04, CV-R2 = 0.023)
  1 active regions  (lambda range: 1e+04 – 1e+04)

----------------------------------------
--- Sub 25 / 27 ---
----------------------------------------
  TR = 0.200 s   stim_dur = 15.00 s
    [ 1/ 1] Fitting ROI: SSs        ... done (lambda = 1.00e+04, CV-R2 = 0.000)
  1 active regions  (lambda range: 1e+04 – 1e+04)

----------------------------------------
--- Sub 26 / 27 ---
----------------------------------------
  no regions with >= 5 active voxels — skipping.

----------------------------------------
--- Sub 27 / 27 ---
----------------------------------------
  only 1 trial(s) — skipping (min = 3).

Results saved to:
  /data00/leonardo/github/fUSI_analyses/ANALYSES/VISUAL/HRF_analysis_revision/results_ridge_loo/ridge_loo_M8_SteadyVisual_eta003_HRF12s.mat

