nohup: ignoring input

============================================================
 analysis_ridge_loo_ROI
 model            : M5_Behavior
 eta2 >=          : 0.030
 pre-stim window  : 5 s
 post-stim window : 12 s
 time_resampling  : 1.00 s
 output           : /data00/leonardo/github/fUSI_analyses/ANALYSES/VISUAL/HRF_analysis_revision/results_ridge_loo/ridge_loo_M5_Behavior_eta003_HRF12s_clean_wheel_wheel_hrf_interaction_hrf.mat
 nSubs            : 27
============================================================

[Warning: MATLAB has disabled some advanced graphics rendering features by
switching to software OpenGL. For more information, click <a
href="matlab:opengl('problems')">here</a>.] 

----------------------------------------
--- Sub 1 / 27 ---
----------------------------------------
  TR = 0.200 s   stim_dur = 15.00 s
  Nuisance projection: removing [wheel, wheel_hrf, interaction_hrf]
    [ 1/10] Fitting ROI: ccs        ... done (lambda = 1.00e+03, CV-R2 = 0.000)
    [ 2/10] Fitting ROI: LP         ... done (lambda = 1.00e+03, CV-R2 = 0.000)
    [ 3/10] Fitting ROI: or         ... done (lambda = 1.00e+03, CV-R2 = 0.000)
    [ 4/10] Fitting ROI: Eth        ... done (lambda = 1.00e+03, CV-R2 = 0.000)
    [ 5/10] Fitting ROI: RSPd       ... done (lambda = 1.00e+03, CV-R2 = 0.000)
    [ 6/10] Fitting ROI: RSPv       ... done (lambda = 1.00e+03, CV-R2 = 0.000)
    [ 7/10] Fitting ROI: PO         ... done (lambda = 1.00e+03, CV-R2 = 0.000)
    [ 8/10] Fitting ROI: LGd-co     ... done (lambda = 1.00e+03, CV-R2 = 0.000)
    [ 9/10] Fitting ROI: cing       ... done (lambda = 1.00e+03, CV-R2 = 0.000)
    [10/10] Fitting ROI: dhc        ... done (lambda = 1.00e+03, CV-R2 = 0.000)
  10 active regions  (lambda range: 1e+03 – 1e+03)

----------------------------------------
--- Sub 2 / 27 ---
----------------------------------------
  TR = 0.200 s   stim_dur = 15.00 s
  Nuisance projection: removing [wheel, wheel_hrf, interaction_hrf]
    [ 1/36] Fitting ROI: alv        ... done (lambda = 1.00e+03, CV-R2 = 0.000)
    [ 2/36] Fitting ROI: ccs        ... done (lambda = 1.00e+03, CV-R2 = 0.000)
    [ 3/36] Fitting ROI: IGL        ... done (lambda = 1.00e+03, CV-R2 = 0.000)
    [ 4/36] Fitting ROI: MB         ... done (lambda = 1.00e+03, CV-R2 = 0.000)
    [ 5/36] Fitting ROI: MH         ... done (lambda = 1.00e+03, CV-R2 = 0.000)
    [ 6/36] Fitting ROI: LGd-sh     ... done (lambda = 1.00e+03, CV-R2 = 0.000)
    [ 7/36] Fitting ROI: LP         ... done (lambda = 1.00e+03, CV-R2 = 0.000)
    [ 8/36] Fitting ROI: VPM        ... done (lambda = 1.00e+03, CV-R2 = 0.000)
    [ 9/36] Fitting ROI: CA3v       ... done (lambda = 1.00e+03, CV-R2 = 0.000)
    [10/36] Fitting ROI: PRC        ... done (lambda = 1.00e+03, CV-R2 = 0.000)
    [11/36] Fitting ROI: APN        ... done (lambda = 1.00e+03, CV-R2 = 0.000)
    [12/36] Fitting ROI: VISa       ... done (lambda = 1.00e+03, CV-R2 = 0.000)
    [13/36] Fitting ROI: Eth        ... done (lambda = 1.00e+03, CV-R2 = 0.000)
    [14/36] Fitting ROI: RSPagl     ... done (lambda = 1.00e+03, CV-R2 = 0.000)
    [15/36] Fitting ROI: POL        ... done (lambda = 1.00e+03, CV-R2 = 0.000)
    [16/36] Fitting ROI: PoT        ... done (lambda = 1.00e+03, CV-R2 = 0.000)
    [17/36] Fitting ROI: LGv        ... done (lambda = 1.00e+03, CV-R2 = 0.000)
    [18/36] Fitting ROI: RSPd       ... done (lambda = 1.00e+03, CV-R2 = 0.000)
    [19/36] Fitting ROI: RSPv       ... done (lambda = 1.00e+03, CV-R2 = 0.000)
    [20/36] Fitting ROI: hbc        ... done (lambda = 1.00e+03, CV-R2 = 0.000)
    [21/36] Fitting ROI: PF         ... done (lambda = 1.00e+03, CV-R2 = 0.000)
    [22/36] Fitting ROI: PO         ... done (lambda = 1.00e+03, CV-R2 = 0.000)
    [23/36] Fitting ROI: MGm        ... done (lambda = 1.00e+03, CV-R2 = 0.000)
    [24/36] Fitting ROI: LGd-co     ... done (lambda = 1.00e+03, CV-R2 = 0.000)
    [25/36] Fitting ROI: cing       ... done (lambda = 1.00e+03, CV-R2 = 0.000)
    [26/36] Fitting ROI: dhc        ... done (lambda = 1.00e+03, CV-R2 = 0.000)
    [27/36] Fitting ROI: V3         ... done (lambda = 1.00e+03, CV-R2 = 0.000)
    [28/36] Fitting ROI: chpl       ... done (lambda = 1.00e+03, CV-R2 = 0.000)
    [29/36] Fitting ROI: fiber tracts ... done (lambda = 1.00e+03, CV-R2 = 0.000)
    [30/36] Fitting ROI: ar         ... done (lambda = 1.00e+03, CV-R2 = 0.000)
    [31/36] Fitting ROI: TH         ... done (lambda = 1.00e+03, CV-R2 = 0.000)
    [32/36] Fitting ROI: LGd-ip     ... done (lambda = 1.00e+03, CV-R2 = 0.000)
    [33/36] Fitting ROI: MRNam      ... done (lambda = 1.00e+03, CV-R2 = 0.000)
    [34/36] Fitting ROI: CA1d       ... done (lambda = 1.00e+03, CV-R2 = 0.000)
    [35/36] Fitting ROI: DGd        ... done (lambda = 1.00e+03, CV-R2 = 0.000)
    [36/36] Fitting ROI: CA3i       ... done (lambda = 1.00e+03, CV-R2 = 0.000)
  36 active regions  (lambda range: 1e+03 – 1e+03)

----------------------------------------
--- Sub 3 / 27 ---
----------------------------------------
  TR = 0.200 s   stim_dur = 15.00 s
  Nuisance projection: removing [wheel, wheel_hrf, interaction_hrf]
    [ 1/10] Fitting ROI: ccs        ... done (lambda = 1.00e+03, CV-R2 = 0.000)
    [ 2/10] Fitting ROI: LP         ... done (lambda = 1.00e+03, CV-R2 = 0.000)
    [ 3/10] Fitting ROI: VPM        ... done (lambda = 1.00e+03, CV-R2 = 0.000)
    [ 4/10] Fitting ROI: RSPd       ... done (lambda = 1.00e+03, CV-R2 = 0.000)
    [ 5/10] Fitting ROI: RSPv       ... done (lambda = 1.00e+03, CV-R2 = 0.000)
    [ 6/10] Fitting ROI: PO         ... done (lambda = 1.00e+03, CV-R2 = 0.000)
    [ 7/10] Fitting ROI: LGd-co     ... done (lambda = 1.00e+03, CV-R2 = 0.000)
    [ 8/10] Fitting ROI: cing       ... done (lambda = 1.00e+03, CV-R2 = 0.000)
    [ 9/10] Fitting ROI: dhc        ... done (lambda = 1.00e+03, CV-R2 = 0.000)
    [10/10] Fitting ROI: TH         ... done (lambda = 1.00e+03, CV-R2 = 0.000)
  10 active regions  (lambda range: 1e+03 – 1e+03)

----------------------------------------
--- Sub 4 / 27 ---
----------------------------------------
  TR = 0.200 s   stim_dur = 15.00 s
  Nuisance projection: removing [wheel, wheel_hrf, interaction_hrf]
    [ 1/22] Fitting ROI: ccs        ... done (lambda = 1.00e+03, CV-R2 = 0.000)
    [ 2/22] Fitting ROI: MD         ... done (lambda = 1.00e+03, CV-R2 = 0.000)
    [ 3/22] Fitting ROI: MH         ... done (lambda = 1.00e+03, CV-R2 = 0.000)
    [ 4/22] Fitting ROI: LH         ... done (lambda = 1.00e+03, CV-R2 = 0.000)
    [ 5/22] Fitting ROI: LP         ... done (lambda = 1.00e+03, CV-R2 = 0.000)
    [ 6/22] Fitting ROI: VPM        ... done (lambda = 1.00e+03, CV-R2 = 0.000)
    [ 7/22] Fitting ROI: or         ... done (lambda = 1.00e+03, CV-R2 = 0.000)
    [ 8/22] Fitting ROI: Eth        ... done (lambda = 1.00e+03, CV-R2 = 0.000)
    [ 9/22] Fitting ROI: LGv        ... done (lambda = 1.00e+03, CV-R2 = 0.000)
    [10/22] Fitting ROI: RSPd       ... done (lambda = 1.00e+03, CV-R2 = 0.000)
    [11/22] Fitting ROI: RSPv       ... done (lambda = 1.00e+03, CV-R2 = 0.000)
    [12/22] Fitting ROI: PF         ... done (lambda = 1.00e+03, CV-R2 = 0.000)
    [13/22] Fitting ROI: PO         ... done (lambda = 1.00e+03, CV-R2 = 0.000)
    [14/22] Fitting ROI: LGd-co     ... done (lambda = 1.00e+03, CV-R2 = 0.000)
    [15/22] Fitting ROI: cing       ... done (lambda = 1.00e+03, CV-R2 = 0.000)
    [16/22] Fitting ROI: dhc        ... done (lambda = 1.00e+03, CV-R2 = 0.000)
    [17/22] Fitting ROI: V3         ... done (lambda = 1.00e+03, CV-R2 = 0.000)
    [18/22] Fitting ROI: chpl       ... done (lambda = 1.00e+03, CV-R2 = 0.000)
    [19/22] Fitting ROI: fr         ... done (lambda = 1.00e+03, CV-R2 = 0.000)
    [20/22] Fitting ROI: CL         ... done (lambda = 1.00e+03, CV-R2 = 0.000)
    [21/22] Fitting ROI: PCN        ... done (lambda = 1.00e+03, CV-R2 = 0.000)
    [22/22] Fitting ROI: DGd        ... done (lambda = 1.00e+03, CV-R2 = 0.000)
  22 active regions  (lambda range: 1e+03 – 1e+03)

----------------------------------------
--- Sub 5 / 27 ---
----------------------------------------
  TR = 0.200 s   stim_dur = 15.00 s
  Nuisance projection: removing [wheel, wheel_hrf, interaction_hrf]
    [ 1/43] Fitting ROI: SPA        ... done (lambda = 1.00e+03, CV-R2 = 0.000)
    [ 2/43] Fitting ROI: VISrl      ... done (lambda = 1.00e+04, CV-R2 = 0.000)
    [ 3/43] Fitting ROI: ccs        ... done (lambda = 1.00e+03, CV-R2 = 0.000)
    [ 4/43] Fitting ROI: IGL        ... done (lambda = 1.00e+03, CV-R2 = 0.000)
    [ 5/43] Fitting ROI: MD         ... done (lambda = 1.00e+03, CV-R2 = 0.000)
    [ 6/43] Fitting ROI: MB         ... done (lambda = 1.00e+03, CV-R2 = 0.000)
    [ 7/43] Fitting ROI: MH         ... done (lambda = 1.00e+04, CV-R2 = 0.000)
    [ 8/43] Fitting ROI: FC         ... done (lambda = 1.00e+03, CV-R2 = 0.000)
    [ 9/43] Fitting ROI: LGd-sh     ... done (lambda = 1.00e+04, CV-R2 = 0.000)
    [10/43] Fitting ROI: LH         ... done (lambda = 1.00e+03, CV-R2 = 0.000)
    [11/43] Fitting ROI: LP         ... done (lambda = 1.00e+03, CV-R2 = 0.000)
    [12/43] Fitting ROI: VPM        ... done (lambda = 1.00e+03, CV-R2 = 0.000)
    [13/43] Fitting ROI: fi         ... done (lambda = 1.00e+04, CV-R2 = 0.000)
    [14/43] Fitting ROI: or         ... done (lambda = 1.00e+04, CV-R2 = 0.000)
    [15/43] Fitting ROI: HY         ... done (lambda = 1.00e+03, CV-R2 = 0.000)
    [16/43] Fitting ROI: VISa       ... done (lambda = 1.00e+04, CV-R2 = 0.000)
    [17/43] Fitting ROI: Eth        ... done (lambda = 1.00e+03, CV-R2 = 0.000)
    [18/43] Fitting ROI: PVT        ... done (lambda = 1.00e+04, CV-R2 = 0.000)
    [19/43] Fitting ROI: RSPagl     ... done (lambda = 1.00e+04, CV-R2 = 0.000)
    [20/43] Fitting ROI: SSs        ... done (lambda = 1.00e+04, CV-R2 = 0.000)
    [21/43] Fitting ROI: VPLpc      ... done (lambda = 1.00e+03, CV-R2 = 0.000)
    [22/43] Fitting ROI: LGv        ... done (lambda = 1.00e+03, CV-R2 = 0.000)
    [23/43] Fitting ROI: RSPd       ... done (lambda = 1.00e+03, CV-R2 = 0.000)
    [24/43] Fitting ROI: RSPv       ... done (lambda = 1.00e+03, CV-R2 = 0.000)
    [25/43] Fitting ROI: hbc        ... done (lambda = 1.00e+03, CV-R2 = 0.000)
    [26/43] Fitting ROI: PF         ... done (lambda = 1.00e+03, CV-R2 = 0.000)
    [27/43] Fitting ROI: PH         ... done (lambda = 1.00e+03, CV-R2 = 0.000)
    [28/43] Fitting ROI: PO         ... done (lambda = 1.00e+03, CV-R2 = 0.000)
    [29/43] Fitting ROI: AUDd       ... done (lambda = 1.00e+04, CV-R2 = 0.000)
    [30/43] Fitting ROI: LGd-co     ... done (lambda = 1.00e+03, CV-R2 = 0.000)
    [31/43] Fitting ROI: cing       ... done (lambda = 1.00e+03, CV-R2 = 0.000)
    [32/43] Fitting ROI: dhc        ... done (lambda = 1.00e+03, CV-R2 = 0.000)
    [33/43] Fitting ROI: V3         ... done (lambda = 1.00e+03, CV-R2 = 0.000)
    [34/43] Fitting ROI: chpl       ... done (lambda = 1.00e+03, CV-R2 = 0.000)
    [35/43] Fitting ROI: SPFm       ... done (lambda = 1.00e+04, CV-R2 = 0.000)
    [36/43] Fitting ROI: SSp-bf     ... done (lambda = 1.00e+04, CV-R2 = 0.000)
    [37/43] Fitting ROI: fr         ... done (lambda = 1.00e+03, CV-R2 = 0.000)
    [38/43] Fitting ROI: CL         ... done (lambda = 1.00e+03, CV-R2 = 0.000)
    [39/43] Fitting ROI: TH         ... done (lambda = 1.00e+03, CV-R2 = 0.000)
    [40/43] Fitting ROI: VPMpc      ... done (lambda = 1.00e+04, CV-R2 = 0.000)
    [41/43] Fitting ROI: LGd-ip     ... done (lambda = 1.00e+04, CV-R2 = 0.000)
    [42/43] Fitting ROI: CA1d       ... done (lambda = 1.00e+03, CV-R2 = 0.000)
    [43/43] Fitting ROI: DGd        ... done (lambda = 1.00e+03, CV-R2 = 0.000)
  43 active regions  (lambda range: 1e+03 – 1e+04)

----------------------------------------
--- Sub 6 / 27 ---
----------------------------------------
  TR = 0.200 s   stim_dur = 15.00 s
  Nuisance projection: removing [wheel, wheel_hrf, interaction_hrf]
    [ 1/11] Fitting ROI: IGL        ... done (lambda = 1.00e+03, CV-R2 = 0.000)
    [ 2/11] Fitting ROI: MB         ... done (lambda = 1.00e+03, CV-R2 = 0.000)
    [ 3/11] Fitting ROI: LP         ... done (lambda = 1.00e+03, CV-R2 = 0.000)
    [ 4/11] Fitting ROI: APN        ... done (lambda = 1.00e+03, CV-R2 = 0.000)
    [ 5/11] Fitting ROI: RSPagl     ... done (lambda = 1.00e+03, CV-R2 = 0.000)
    [ 6/11] Fitting ROI: RSPd       ... done (lambda = 1.00e+03, CV-R2 = 0.000)
    [ 7/11] Fitting ROI: RSPv       ... done (lambda = 1.00e+04, CV-R2 = 0.000)
    [ 8/11] Fitting ROI: MGv        ... done (lambda = 1.00e+04, CV-R2 = 0.000)
    [ 9/11] Fitting ROI: LGd-co     ... done (lambda = 1.00e+03, CV-R2 = 0.000)
    [10/11] Fitting ROI: SSp-bf     ... done (lambda = 1.00e+04, CV-R2 = 0.000)
    [11/11] Fitting ROI: LGd-ip     ... done (lambda = 1.00e+04, CV-R2 = 0.000)
  11 active regions  (lambda range: 1e+03 – 1e+04)

----------------------------------------
--- Sub 7 / 27 ---
----------------------------------------
  TR = 0.200 s   stim_dur = 15.00 s
  Nuisance projection: removing [wheel, wheel_hrf, interaction_hrf]
    [ 1/26] Fitting ROI: NPC        ... done (lambda = 1.00e+03, CV-R2 = 0.000)
    [ 2/26] Fitting ROI: IGL        ... done (lambda = 1.00e+03, CV-R2 = 0.000)
    [ 3/26] Fitting ROI: MB         ... done (lambda = 1.00e+03, CV-R2 = 0.000)
    [ 4/26] Fitting ROI: LGd-sh     ... done (lambda = 1.00e+03, CV-R2 = 0.000)
    [ 5/26] Fitting ROI: LP         ... done (lambda = 1.00e+03, CV-R2 = 0.000)
    [ 6/26] Fitting ROI: APN        ... done (lambda = 1.00e+03, CV-R2 = 0.000)
    [ 7/26] Fitting ROI: Eth        ... done (lambda = 1.00e+03, CV-R2 = 0.000)
    [ 8/26] Fitting ROI: POL        ... done (lambda = 1.00e+03, CV-R2 = 0.000)
    [ 9/26] Fitting ROI: PoT        ... done (lambda = 1.00e+03, CV-R2 = 0.000)
    [10/26] Fitting ROI: MGd        ... done (lambda = 1.00e+03, CV-R2 = 0.000)
    [11/26] Fitting ROI: RSPv       ... done (lambda = 1.00e+03, CV-R2 = 0.000)
    [12/26] Fitting ROI: bsc        ... done (lambda = 1.00e+03, CV-R2 = 0.000)
    [13/26] Fitting ROI: MGm        ... done (lambda = 1.00e+03, CV-R2 = 0.000)
    [14/26] Fitting ROI: MGv        ... done (lambda = 1.00e+03, CV-R2 = 0.000)
    [15/26] Fitting ROI: LGd-co     ... done (lambda = 1.00e+03, CV-R2 = 0.000)
    [16/26] Fitting ROI: RPF        ... done (lambda = 1.00e+03, CV-R2 = 0.000)
    [17/26] Fitting ROI: V3         ... done (lambda = 1.00e+03, CV-R2 = 0.000)
    [18/26] Fitting ROI: OP         ... done (lambda = 1.00e+03, CV-R2 = 0.000)
    [19/26] Fitting ROI: fiber tracts ... done (lambda = 1.00e+03, CV-R2 = 0.000)
    [20/26] Fitting ROI: ar         ... done (lambda = 1.00e+03, CV-R2 = 0.000)
    [21/26] Fitting ROI: TH         ... done (lambda = 1.00e+03, CV-R2 = 0.000)
    [22/26] Fitting ROI: SGN        ... done (lambda = 1.00e+03, CV-R2 = 0.000)
    [23/26] Fitting ROI: LGd-ip     ... done (lambda = 1.00e+03, CV-R2 = 0.000)
    [24/26] Fitting ROI: MRNam      ... done (lambda = 1.00e+03, CV-R2 = 0.000)
    [25/26] Fitting ROI: CA1d       ... done (lambda = 1.00e+03, CV-R2 = 0.000)
    [26/26] Fitting ROI: DGd        ... done (lambda = 1.00e+03, CV-R2 = 0.000)
  26 active regions  (lambda range: 1e+03 – 1e+03)

----------------------------------------
--- Sub 8 / 27 ---
----------------------------------------
  TR = 0.200 s   stim_dur = 15.00 s
  Nuisance projection: removing [wheel, wheel_hrf, interaction_hrf]
    [ 1/13] Fitting ROI: MB         ... done (lambda = 1.00e+03, CV-R2 = 0.000)
    [ 2/13] Fitting ROI: LP         ... done (lambda = 1.00e+03, CV-R2 = 0.000)
    [ 3/13] Fitting ROI: APN        ... done (lambda = 1.00e+03, CV-R2 = 0.000)
    [ 4/13] Fitting ROI: POL        ... done (lambda = 1.00e+03, CV-R2 = 0.000)
    [ 5/13] Fitting ROI: MGd        ... done (lambda = 1.00e+03, CV-R2 = 0.000)
    [ 6/13] Fitting ROI: RSPv       ... done (lambda = 1.00e+03, CV-R2 = 0.000)
    [ 7/13] Fitting ROI: MGv        ... done (lambda = 1.00e+03, CV-R2 = 0.000)
    [ 8/13] Fitting ROI: LGd-co     ... done (lambda = 1.00e+03, CV-R2 = 0.000)
    [ 9/13] Fitting ROI: V3         ... done (lambda = 1.00e+03, CV-R2 = 0.000)
    [10/13] Fitting ROI: OP         ... done (lambda = 1.00e+03, CV-R2 = 0.000)
    [11/13] Fitting ROI: SGN        ... done (lambda = 1.00e+04, CV-R2 = 0.000)
    [12/13] Fitting ROI: LGd-ip     ... done (lambda = 1.00e+03, CV-R2 = 0.000)
    [13/13] Fitting ROI: DGd        ... done (lambda = 1.00e+03, CV-R2 = 0.000)
  13 active regions  (lambda range: 1e+03 – 1e+04)

----------------------------------------
--- Sub 9 / 27 ---
----------------------------------------
  TR = 0.200 s   stim_dur = 15.00 s
  Nuisance projection: removing [wheel, wheel_hrf, interaction_hrf]
    [ 1/12] Fitting ROI: IGL        ... done (lambda = 1.00e+03, CV-R2 = 0.000)
    [ 2/12] Fitting ROI: VPM        ... done (lambda = 1.00e+03, CV-R2 = 0.000)
    [ 3/12] Fitting ROI: Eth        ... done (lambda = 1.00e+03, CV-R2 = 0.000)
    [ 4/12] Fitting ROI: LGv        ... done (lambda = 1.00e+03, CV-R2 = 0.000)
    [ 5/12] Fitting ROI: RSPv       ... done (lambda = 1.00e+03, CV-R2 = 0.000)
    [ 6/12] Fitting ROI: PO         ... done (lambda = 1.00e+03, CV-R2 = 0.000)
    [ 7/12] Fitting ROI: cing       ... done (lambda = 1.00e+03, CV-R2 = 0.000)
    [ 8/12] Fitting ROI: dhc        ... done (lambda = 1.00e+03, CV-R2 = 0.000)
    [ 9/12] Fitting ROI: ccb        ... done (lambda = 1.00e+03, CV-R2 = 0.000)
    [10/12] Fitting ROI: ar         ... done (lambda = 1.00e+03, CV-R2 = 0.000)
    [11/12] Fitting ROI: CA1d       ... done (lambda = 1.00e+03, CV-R2 = 0.000)
    [12/12] Fitting ROI: DGd        ... done (lambda = 1.00e+03, CV-R2 = 0.000)
  12 active regions  (lambda range: 1e+03 – 1e+03)

----------------------------------------
--- Sub 10 / 27 ---
----------------------------------------
  TR = 0.200 s   stim_dur = 15.00 s
  Nuisance projection: removing [wheel, wheel_hrf, interaction_hrf]
    [ 1/45] Fitting ROI: SNr        ... done (lambda = 1.00e+04, CV-R2 = 0.000)
    [ 2/45] Fitting ROI: NPC        ... done (lambda = 1.00e+03, CV-R2 = 0.000)
    [ 3/45] Fitting ROI: ccs        ... done (lambda = 1.00e+03, CV-R2 = 0.000)
    [ 4/45] Fitting ROI: IGL        ... done (lambda = 1.00e+03, CV-R2 = 0.000)
    [ 5/45] Fitting ROI: MB         ... done (lambda = 1.00e+03, CV-R2 = 0.000)
    [ 6/45] Fitting ROI: FC         ... done (lambda = 1.00e+03, CV-R2 = 0.000)
    [ 7/45] Fitting ROI: LGd-sh     ... done (lambda = 1.00e+04, CV-R2 = 0.000)
    [ 8/45] Fitting ROI: DGv        ... done (lambda = 1.00e+03, CV-R2 = 0.000)
    [ 9/45] Fitting ROI: LP         ... done (lambda = 1.00e+03, CV-R2 = 0.000)
    [10/45] Fitting ROI: VPM        ... done (lambda = 1.00e+03, CV-R2 = 0.000)
    [11/45] Fitting ROI: CA3v       ... done (lambda = 1.00e+03, CV-R2 = 0.000)
    [12/45] Fitting ROI: CA1v       ... done (lambda = 1.00e+04, CV-R2 = 0.000)
    [13/45] Fitting ROI: ZI         ... done (lambda = 1.00e+03, CV-R2 = 0.000)
    [14/45] Fitting ROI: PRC        ... done (lambda = 1.00e+03, CV-R2 = 0.000)
    [15/45] Fitting ROI: APN        ... done (lambda = 1.00e+03, CV-R2 = 0.000)
    [16/45] Fitting ROI: Eth        ... done (lambda = 1.00e+03, CV-R2 = 0.000)
    [17/45] Fitting ROI: HPF        ... done (lambda = 1.00e+03, CV-R2 = 0.000)
    [18/45] Fitting ROI: POL        ... done (lambda = 1.00e+03, CV-R2 = 0.000)
    [19/45] Fitting ROI: PoT        ... done (lambda = 1.00e+03, CV-R2 = 0.000)
    [20/45] Fitting ROI: MGd        ... done (lambda = 1.00e+04, CV-R2 = 0.000)
    [21/45] Fitting ROI: RSPd       ... done (lambda = 1.00e+03, CV-R2 = 0.000)
    [22/45] Fitting ROI: RSPv       ... done (lambda = 1.00e+03, CV-R2 = 0.000)
    [23/45] Fitting ROI: bsc        ... done (lambda = 1.00e+04, CV-R2 = 0.000)
    [24/45] Fitting ROI: hbc        ... done (lambda = 1.00e+04, CV-R2 = 0.000)
    [25/45] Fitting ROI: PO         ... done (lambda = 1.00e+03, CV-R2 = 0.000)
    [26/45] Fitting ROI: MGm        ... done (lambda = 1.00e+03, CV-R2 = 0.000)
    [27/45] Fitting ROI: MGv        ... done (lambda = 1.00e+04, CV-R2 = 0.000)
    [28/45] Fitting ROI: LGd-co     ... done (lambda = 1.00e+03, CV-R2 = 0.000)
    [29/45] Fitting ROI: RPF        ... done (lambda = 1.00e+03, CV-R2 = 0.000)
    [30/45] Fitting ROI: cing       ... done (lambda = 1.00e+03, CV-R2 = 0.000)
    [31/45] Fitting ROI: dhc        ... done (lambda = 1.00e+03, CV-R2 = 0.000)
    [32/45] Fitting ROI: V3         ... done (lambda = 1.00e+04, CV-R2 = 0.000)
    [33/45] Fitting ROI: chpl       ... done (lambda = 1.00e+04, CV-R2 = 0.000)
    [34/45] Fitting ROI: opt        ... done (lambda = 1.00e+04, CV-R2 = 0.000)
    [35/45] Fitting ROI: SUB        ... done (lambda = 1.00e+03, CV-R2 = 0.000)
    [36/45] Fitting ROI: fiber tracts ... done (lambda = 1.00e+03, CV-R2 = 0.000)
    [37/45] Fitting ROI: ar         ... done (lambda = 1.00e+03, CV-R2 = 0.000)
    [38/45] Fitting ROI: TH         ... done (lambda = 1.00e+03, CV-R2 = 0.000)
    [39/45] Fitting ROI: SGN        ... done (lambda = 1.00e+03, CV-R2 = 0.000)
    [40/45] Fitting ROI: cpd        ... done (lambda = 1.00e+04, CV-R2 = 0.000)
    [41/45] Fitting ROI: LGd-ip     ... done (lambda = 1.00e+03, CV-R2 = 0.000)
    [42/45] Fitting ROI: CA1d       ... done (lambda = 1.00e+03, CV-R2 = 0.000)
    [43/45] Fitting ROI: CA3d       ... done (lambda = 1.00e+03, CV-R2 = 0.000)
    [44/45] Fitting ROI: DGd        ... done (lambda = 1.00e+03, CV-R2 = 0.000)
    [45/45] Fitting ROI: CA3i       ... done (lambda = 1.00e+04, CV-R2 = 0.000)
  45 active regions  (lambda range: 1e+03 – 1e+04)

----------------------------------------
--- Sub 11 / 27 ---
----------------------------------------
  TR = 0.200 s   stim_dur = 15.00 s
  Nuisance projection: removing [wheel, wheel_hrf, interaction_hrf]
    [ 1/19] Fitting ROI: LSc        ... done (lambda = 1.00e+03, CV-R2 = 0.000)
    [ 2/19] Fitting ROI: BST        ... done (lambda = 1.00e+03, CV-R2 = 0.000)
    [ 3/19] Fitting ROI: RT         ... done (lambda = 1.00e+03, CV-R2 = 0.000)
    [ 4/19] Fitting ROI: GPe        ... done (lambda = 1.00e+03, CV-R2 = 0.000)
    [ 5/19] Fitting ROI: st         ... done (lambda = 1.00e+03, CV-R2 = 0.000)
    [ 6/19] Fitting ROI: PAL        ... done (lambda = 1.00e+03, CV-R2 = 0.000)
    [ 7/19] Fitting ROI: ACAv       ... done (lambda = 1.00e+03, CV-R2 = 0.000)
    [ 8/19] Fitting ROI: ACAd       ... done (lambda = 1.00e+03, CV-R2 = 0.000)
    [ 9/19] Fitting ROI: VL         ... done (lambda = 1.00e+03, CV-R2 = 0.000)
    [10/19] Fitting ROI: chpl       ... done (lambda = 1.00e+03, CV-R2 = 0.000)
    [11/19] Fitting ROI: AMd        ... done (lambda = 1.00e+03, CV-R2 = 0.000)
    [12/19] Fitting ROI: STR        ... done (lambda = 1.00e+03, CV-R2 = 0.000)
    [13/19] Fitting ROI: int        ... done (lambda = 1.00e+03, CV-R2 = 0.000)
    [14/19] Fitting ROI: TH         ... done (lambda = 1.00e+03, CV-R2 = 0.000)
    [15/19] Fitting ROI: AV         ... done (lambda = 1.00e+03, CV-R2 = 0.000)
    [16/19] Fitting ROI: CPmmm      ... done (lambda = 1.00e+03, CV-R2 = 0.000)
    [17/19] Fitting ROI: CPmmc      ... done (lambda = 1.00e+03, CV-R2 = 0.000)
    [18/19] Fitting ROI: CPmdm      ... done (lambda = 1.00e+03, CV-R2 = 0.000)
    [19/19] Fitting ROI: CPmdc      ... done (lambda = 1.00e+03, CV-R2 = 0.000)
  19 active regions  (lambda range: 1e+03 – 1e+03)

----------------------------------------
--- Sub 12 / 27 ---
----------------------------------------
  TR = 0.200 s   stim_dur = 15.00 s
  Nuisance projection: removing [wheel, wheel_hrf, interaction_hrf]
    [ 1/ 7] Fitting ROI: LGd-sh     ... done (lambda = 1.00e+03, CV-R2 = 0.000)
    [ 2/ 7] Fitting ROI: LP         ... done (lambda = 1.00e+03, CV-R2 = 0.000)
    [ 3/ 7] Fitting ROI: APN        ... done (lambda = 1.00e+03, CV-R2 = 0.000)
    [ 4/ 7] Fitting ROI: RSPagl     ... done (lambda = 1.00e+03, CV-R2 = 0.000)
    [ 5/ 7] Fitting ROI: RSPv       ... done (lambda = 1.00e+03, CV-R2 = 0.000)
    [ 6/ 7] Fitting ROI: fiber tracts ... done (lambda = 1.00e+03, CV-R2 = 0.000)
    [ 7/ 7] Fitting ROI: SGN        ... done (lambda = 1.00e+03, CV-R2 = 0.000)
  7 active regions  (lambda range: 1e+03 – 1e+03)

----------------------------------------
--- Sub 13 / 27 ---
----------------------------------------
  TR = 0.200 s   stim_dur = 15.00 s
  Nuisance projection: removing [wheel, wheel_hrf, interaction_hrf]
    [ 1/19] Fitting ROI: NPC        ... done (lambda = 1.00e+03, CV-R2 = 0.000)
    [ 2/19] Fitting ROI: MB         ... done (lambda = 1.00e+03, CV-R2 = 0.000)
    [ 3/19] Fitting ROI: LP         ... done (lambda = 1.00e+03, CV-R2 = 0.000)
    [ 4/19] Fitting ROI: APN        ... done (lambda = 1.00e+03, CV-R2 = 0.000)
    [ 5/19] Fitting ROI: Eth        ... done (lambda = 1.00e+03, CV-R2 = 0.000)
    [ 6/19] Fitting ROI: POL        ... done (lambda = 1.00e+03, CV-R2 = 0.000)
    [ 7/19] Fitting ROI: PoT        ... done (lambda = 1.00e+03, CV-R2 = 0.000)
    [ 8/19] Fitting ROI: RSPd       ... done (lambda = 1.00e+03, CV-R2 = 0.000)
    [ 9/19] Fitting ROI: RSPv       ... done (lambda = 1.00e+03, CV-R2 = 0.000)
    [10/19] Fitting ROI: MGm        ... done (lambda = 1.00e+03, CV-R2 = 0.000)
    [11/19] Fitting ROI: MGv        ... done (lambda = 1.00e+03, CV-R2 = 0.000)
    [12/19] Fitting ROI: LGd-co     ... done (lambda = 1.00e+03, CV-R2 = 0.000)
    [13/19] Fitting ROI: RPF        ... done (lambda = 1.00e+03, CV-R2 = 0.000)
    [14/19] Fitting ROI: V3         ... done (lambda = 1.00e+03, CV-R2 = 0.000)
    [15/19] Fitting ROI: TH         ... done (lambda = 1.00e+03, CV-R2 = 0.000)
    [16/19] Fitting ROI: SGN        ... done (lambda = 1.00e+03, CV-R2 = 0.000)
    [17/19] Fitting ROI: MRNal      ... done (lambda = 1.00e+04, CV-R2 = 0.000)
    [18/19] Fitting ROI: MRNam      ... done (lambda = 1.00e+04, CV-R2 = 0.000)
    [19/19] Fitting ROI: CA1d       ... done (lambda = 1.00e+03, CV-R2 = 0.000)
  19 active regions  (lambda range: 1e+03 – 1e+04)

----------------------------------------
--- Sub 14 / 27 ---
----------------------------------------
  TR = 0.200 s   stim_dur = 15.00 s
  Nuisance projection: removing [wheel, wheel_hrf, interaction_hrf]
    [ 1/18] Fitting ROI: MOp        ... done (lambda = 1.00e+03, CV-R2 = 0.000)
    [ 2/18] Fitting ROI: LSc        ... done (lambda = 1.00e+03, CV-R2 = 0.000)
    [ 3/18] Fitting ROI: GPe        ... done (lambda = 1.00e+03, CV-R2 = 0.000)
    [ 4/18] Fitting ROI: st         ... done (lambda = 1.00e+03, CV-R2 = 0.000)
    [ 5/18] Fitting ROI: AAA        ... done (lambda = 1.00e+03, CV-R2 = 0.000)
    [ 6/18] Fitting ROI: ACAv       ... done (lambda = 1.00e+03, CV-R2 = 0.000)
    [ 7/18] Fitting ROI: ACAd       ... done (lambda = 1.00e+03, CV-R2 = 0.000)
    [ 8/18] Fitting ROI: ccb        ... done (lambda = 1.00e+03, CV-R2 = 0.000)
    [ 9/18] Fitting ROI: MOs        ... done (lambda = 1.00e+03, CV-R2 = 0.000)
    [10/18] Fitting ROI: MEA        ... done (lambda = 1.00e+03, CV-R2 = 0.000)
    [11/18] Fitting ROI: STR        ... done (lambda = 1.00e+03, CV-R2 = 0.000)
    [12/18] Fitting ROI: int        ... done (lambda = 1.00e+03, CV-R2 = 0.000)
    [13/18] Fitting ROI: CPmvc      ... done (lambda = 1.00e+03, CV-R2 = 0.000)
    [14/18] Fitting ROI: CPmmm      ... done (lambda = 1.00e+03, CV-R2 = 0.000)
    [15/18] Fitting ROI: CPmmc      ... done (lambda = 1.00e+03, CV-R2 = 0.000)
    [16/18] Fitting ROI: CPmml      ... done (lambda = 1.00e+03, CV-R2 = 0.000)
    [17/18] Fitting ROI: CPmdm      ... done (lambda = 1.00e+03, CV-R2 = 0.000)
    [18/18] Fitting ROI: CPmdc      ... done (lambda = 1.00e+03, CV-R2 = 0.000)
  18 active regions  (lambda range: 1e+03 – 1e+03)

----------------------------------------
--- Sub 15 / 27 ---
----------------------------------------
  TR = 0.200 s   stim_dur = 15.00 s
  Nuisance projection: removing [wheel, wheel_hrf, interaction_hrf]
    [ 1/ 3] Fitting ROI: LP         ... done (lambda = 1.00e+03, CV-R2 = 0.000)
    [ 2/ 3] Fitting ROI: APN        ... done (lambda = 1.00e+03, CV-R2 = 0.000)
    [ 3/ 3] Fitting ROI: POL        ... done (lambda = 1.00e+03, CV-R2 = 0.000)
  3 active regions  (lambda range: 1e+03 – 1e+03)

----------------------------------------
--- Sub 16 / 27 ---
----------------------------------------
  TR = 0.200 s   stim_dur = 15.00 s
  Nuisance projection: removing [wheel, wheel_hrf, interaction_hrf]
    [ 1/34] Fitting ROI: alv        ... done (lambda = 1.00e+03, CV-R2 = 0.000)
    [ 2/34] Fitting ROI: ProS       ... done (lambda = 1.00e+03, CV-R2 = 0.000)
    [ 3/34] Fitting ROI: NPC        ... done (lambda = 1.00e+03, CV-R2 = 0.000)
    [ 4/34] Fitting ROI: MPT        ... done (lambda = 1.00e+03, CV-R2 = 0.000)
    [ 5/34] Fitting ROI: MB         ... done (lambda = 1.00e+03, CV-R2 = 0.000)
    [ 6/34] Fitting ROI: NOT        ... done (lambda = 1.00e+03, CV-R2 = 0.000)
    [ 7/34] Fitting ROI: PPT        ... done (lambda = 1.00e+03, CV-R2 = 0.000)
    [ 8/34] Fitting ROI: LGd-sh     ... done (lambda = 1.00e+03, CV-R2 = 0.000)
    [ 9/34] Fitting ROI: VISam      ... done (lambda = 1.00e+03, CV-R2 = 0.000)
    [10/34] Fitting ROI: LP         ... done (lambda = 1.00e+03, CV-R2 = 0.000)
    [11/34] Fitting ROI: CA3v       ... done (lambda = 1.00e+03, CV-R2 = 0.000)
    [12/34] Fitting ROI: APN        ... done (lambda = 1.00e+03, CV-R2 = 0.000)
    [13/34] Fitting ROI: Eth        ... done (lambda = 1.00e+03, CV-R2 = 0.000)
    [14/34] Fitting ROI: POL        ... done (lambda = 1.00e+03, CV-R2 = 0.000)
    [15/34] Fitting ROI: PoT        ... done (lambda = 1.00e+03, CV-R2 = 0.000)
    [16/34] Fitting ROI: MGd        ... done (lambda = 1.00e+03, CV-R2 = 0.000)
    [17/34] Fitting ROI: RSPv       ... done (lambda = 1.00e+03, CV-R2 = 0.000)
    [18/34] Fitting ROI: bsc        ... done (lambda = 1.00e+03, CV-R2 = 0.000)
    [19/34] Fitting ROI: MGv        ... done (lambda = 1.00e+03, CV-R2 = 0.000)
    [20/34] Fitting ROI: pc         ... done (lambda = 1.00e+03, CV-R2 = 0.000)
    [21/34] Fitting ROI: LGd-co     ... done (lambda = 1.00e+03, CV-R2 = 0.000)
    [22/34] Fitting ROI: RPF        ... done (lambda = 1.00e+03, CV-R2 = 0.000)
    [23/34] Fitting ROI: V3         ... done (lambda = 1.00e+03, CV-R2 = 0.000)
    [24/34] Fitting ROI: OP         ... done (lambda = 1.00e+03, CV-R2 = 0.000)
    [25/34] Fitting ROI: SUB        ... done (lambda = 1.00e+03, CV-R2 = 0.000)
    [26/34] Fitting ROI: fiber tracts ... done (lambda = 1.00e+03, CV-R2 = 0.000)
    [27/34] Fitting ROI: TH         ... done (lambda = 1.00e+03, CV-R2 = 0.000)
    [28/34] Fitting ROI: SGN        ... done (lambda = 1.00e+03, CV-R2 = 0.000)
    [29/34] Fitting ROI: MRNam      ... done (lambda = 1.00e+03, CV-R2 = 0.000)
    [30/34] Fitting ROI: PAGa       ... done (lambda = 1.00e+03, CV-R2 = 0.000)
    [31/34] Fitting ROI: CA1d       ... done (lambda = 1.00e+03, CV-R2 = 0.000)
    [32/34] Fitting ROI: CA3d       ... done (lambda = 1.00e+03, CV-R2 = 0.000)
    [33/34] Fitting ROI: DGd        ... done (lambda = 1.00e+03, CV-R2 = 0.000)
    [34/34] Fitting ROI: CA3i       ... done (lambda = 1.00e+03, CV-R2 = 0.000)
  34 active regions  (lambda range: 1e+03 – 1e+03)

----------------------------------------
--- Sub 17 / 27 ---
----------------------------------------
  TR = 0.200 s   stim_dur = 15.00 s
  Nuisance projection: removing [wheel, wheel_hrf, interaction_hrf]
    [ 1/17] Fitting ROI: ccs        ... done (lambda = 1.00e+03, CV-R2 = 0.000)
    [ 2/17] Fitting ROI: MD         ... done (lambda = 1.00e+03, CV-R2 = 0.000)
    [ 3/17] Fitting ROI: LH         ... done (lambda = 1.00e+03, CV-R2 = 0.000)
    [ 4/17] Fitting ROI: LP         ... done (lambda = 1.00e+03, CV-R2 = 0.000)
    [ 5/17] Fitting ROI: VPM        ... done (lambda = 1.00e+03, CV-R2 = 0.000)
    [ 6/17] Fitting ROI: or         ... done (lambda = 1.00e+03, CV-R2 = 0.000)
    [ 7/17] Fitting ROI: Eth        ... done (lambda = 1.00e+03, CV-R2 = 0.000)
    [ 8/17] Fitting ROI: RSPd       ... done (lambda = 1.00e+03, CV-R2 = 0.000)
    [ 9/17] Fitting ROI: RSPv       ... done (lambda = 1.00e+03, CV-R2 = 0.000)
    [10/17] Fitting ROI: PF         ... done (lambda = 1.00e+03, CV-R2 = 0.000)
    [11/17] Fitting ROI: PO         ... done (lambda = 1.00e+03, CV-R2 = 0.000)
    [12/17] Fitting ROI: LGd-co     ... done (lambda = 1.00e+03, CV-R2 = 0.000)
    [13/17] Fitting ROI: cing       ... done (lambda = 1.00e+03, CV-R2 = 0.000)
    [14/17] Fitting ROI: dhc        ... done (lambda = 1.00e+03, CV-R2 = 0.000)
    [15/17] Fitting ROI: fr         ... done (lambda = 1.00e+03, CV-R2 = 0.000)
    [16/17] Fitting ROI: CL         ... done (lambda = 1.00e+03, CV-R2 = 0.000)
    [17/17] Fitting ROI: DGd        ... done (lambda = 1.00e+03, CV-R2 = 0.000)
  17 active regions  (lambda range: 1e+03 – 1e+03)

----------------------------------------
--- Sub 18 / 27 ---
----------------------------------------
  no regions with >= 5 active voxels — skipping.

----------------------------------------
--- Sub 19 / 27 ---
----------------------------------------
  no regions with >= 5 active voxels — skipping.

----------------------------------------
--- Sub 20 / 27 ---
----------------------------------------
  TR = 0.200 s   stim_dur = 15.00 s
  Nuisance projection: removing [wheel, wheel_hrf, interaction_hrf]
    [ 1/ 5] Fitting ROI: LP         ... done (lambda = 1.00e+03, CV-R2 = 0.000)
    [ 2/ 5] Fitting ROI: APN        ... done (lambda = 1.00e+03, CV-R2 = 0.000)
    [ 3/ 5] Fitting ROI: RSPv       ... done (lambda = 1.00e+03, CV-R2 = 0.000)
    [ 4/ 5] Fitting ROI: MGv        ... done (lambda = 1.00e+03, CV-R2 = 0.000)
    [ 5/ 5] Fitting ROI: V3         ... done (lambda = 1.00e+03, CV-R2 = 0.000)
  5 active regions  (lambda range: 1e+03 – 1e+03)

----------------------------------------
--- Sub 21 / 27 ---
----------------------------------------
  TR = 0.200 s   stim_dur = 15.00 s
  Nuisance projection: removing [wheel, wheel_hrf, interaction_hrf]
    [ 1/18] Fitting ROI: ccs        ... done (lambda = 1.00e+03, CV-R2 = 0.000)
    [ 2/18] Fitting ROI: LGd-sh     ... done (lambda = 1.00e+03, CV-R2 = 0.000)
    [ 3/18] Fitting ROI: VISam      ... done (lambda = 1.00e+03, CV-R2 = 0.000)
    [ 4/18] Fitting ROI: LP         ... done (lambda = 1.00e+03, CV-R2 = 0.000)
    [ 5/18] Fitting ROI: CA3v       ... done (lambda = 1.00e+04, CV-R2 = 0.000)
    [ 6/18] Fitting ROI: APN        ... done (lambda = 1.00e+03, CV-R2 = 0.000)
    [ 7/18] Fitting ROI: VISa       ... done (lambda = 1.00e+03, CV-R2 = 0.000)
    [ 8/18] Fitting ROI: RSPagl     ... done (lambda = 1.00e+03, CV-R2 = 0.000)
    [ 9/18] Fitting ROI: RSPd       ... done (lambda = 1.00e+03, CV-R2 = 0.000)
    [10/18] Fitting ROI: RSPv       ... done (lambda = 1.00e+03, CV-R2 = 0.000)
    [11/18] Fitting ROI: bsc        ... done (lambda = 1.00e+03, CV-R2 = 0.000)
    [12/18] Fitting ROI: LGd-co     ... done (lambda = 1.00e+03, CV-R2 = 0.000)
    [13/18] Fitting ROI: cing       ... done (lambda = 1.00e+03, CV-R2 = 0.000)
    [14/18] Fitting ROI: fiber tracts ... done (lambda = 1.00e+03, CV-R2 = 0.000)
    [15/18] Fitting ROI: TH         ... done (lambda = 1.00e+03, CV-R2 = 0.000)
    [16/18] Fitting ROI: SGN        ... done (lambda = 1.00e+03, CV-R2 = 0.000)
    [17/18] Fitting ROI: LGd-ip     ... done (lambda = 1.00e+03, CV-R2 = 0.000)
    [18/18] Fitting ROI: CA3i       ... done (lambda = 1.00e+03, CV-R2 = 0.005)
  18 active regions  (lambda range: 1e+03 – 1e+04)

----------------------------------------
--- Sub 22 / 27 ---
----------------------------------------
  TR = 0.200 s   stim_dur = 15.00 s
  Nuisance projection: removing [wheel, wheel_hrf, interaction_hrf]
    [ 1/24] Fitting ROI: VISrl      ... done (lambda = 1.00e+03, CV-R2 = 0.000)
    [ 2/24] Fitting ROI: ccs        ... done (lambda = 1.00e+03, CV-R2 = 0.000)
    [ 3/24] Fitting ROI: MB         ... done (lambda = 1.00e+03, CV-R2 = 0.000)
    [ 4/24] Fitting ROI: LGd-sh     ... done (lambda = 1.00e+03, CV-R2 = 0.000)
    [ 5/24] Fitting ROI: VISam      ... done (lambda = 1.00e+03, CV-R2 = 0.000)
    [ 6/24] Fitting ROI: LP         ... done (lambda = 1.00e+03, CV-R2 = 0.000)
    [ 7/24] Fitting ROI: APN        ... done (lambda = 1.00e+03, CV-R2 = 0.000)
    [ 8/24] Fitting ROI: VISa       ... done (lambda = 1.00e+03, CV-R2 = 0.000)
    [ 9/24] Fitting ROI: RSPagl     ... done (lambda = 1.00e+03, CV-R2 = 0.000)
    [10/24] Fitting ROI: POL        ... done (lambda = 1.00e+03, CV-R2 = 0.000)
    [11/24] Fitting ROI: PoT        ... done (lambda = 1.00e+03, CV-R2 = 0.000)
    [12/24] Fitting ROI: LGv        ... done (lambda = 1.00e+03, CV-R2 = 0.000)
    [13/24] Fitting ROI: MGd        ... done (lambda = 1.00e+03, CV-R2 = 0.000)
    [14/24] Fitting ROI: RSPd       ... done (lambda = 1.00e+03, CV-R2 = 0.000)
    [15/24] Fitting ROI: RSPv       ... done (lambda = 1.00e+03, CV-R2 = 0.000)
    [16/24] Fitting ROI: MGv        ... done (lambda = 1.00e+03, CV-R2 = 0.000)
    [17/24] Fitting ROI: cing       ... done (lambda = 1.00e+03, CV-R2 = 0.000)
    [18/24] Fitting ROI: dhc        ... done (lambda = 1.00e+03, CV-R2 = 0.000)
    [19/24] Fitting ROI: V3         ... done (lambda = 1.00e+03, CV-R2 = 0.000)
    [20/24] Fitting ROI: fiber tracts ... done (lambda = 1.00e+03, CV-R2 = 0.000)
    [21/24] Fitting ROI: TH         ... done (lambda = 1.00e+03, CV-R2 = 0.000)
    [22/24] Fitting ROI: SGN        ... done (lambda = 1.00e+03, CV-R2 = 0.000)
    [23/24] Fitting ROI: MRNam      ... done (lambda = 1.00e+03, CV-R2 = 0.000)
    [24/24] Fitting ROI: DGd        ... done (lambda = 1.00e+03, CV-R2 = 0.000)
  24 active regions  (lambda range: 1e+03 – 1e+03)

----------------------------------------
--- Sub 23 / 27 ---
----------------------------------------
  TR = 0.200 s   stim_dur = 15.00 s
  Nuisance projection: removing [wheel, wheel_hrf, interaction_hrf]
    [ 1/ 3] Fitting ROI: VISrl      ... done (lambda = 1.00e+03, CV-R2 = 0.006)
    [ 2/ 3] Fitting ROI: SSp-tr     ... done (lambda = 1.00e+03, CV-R2 = 0.015)
    [ 3/ 3] Fitting ROI: SSp-bf     ... done (lambda = 1.00e+03, CV-R2 = 0.000)
  3 active regions  (lambda range: 1e+03 – 1e+03)

----------------------------------------
--- Sub 24 / 27 ---
----------------------------------------
  TR = 0.200 s   stim_dur = 15.00 s
  Nuisance projection: removing [wheel, wheel_hrf, interaction_hrf]
    [ 1/18] Fitting ROI: NPC        ... done (lambda = 1.00e+03, CV-R2 = 0.000)
    [ 2/18] Fitting ROI: MB         ... done (lambda = 1.00e+03, CV-R2 = 0.000)
    [ 3/18] Fitting ROI: LGd-sh     ... done (lambda = 1.00e+03, CV-R2 = 0.000)
    [ 4/18] Fitting ROI: LP         ... done (lambda = 1.00e+03, CV-R2 = 0.000)
    [ 5/18] Fitting ROI: APN        ... done (lambda = 1.00e+03, CV-R2 = 0.000)
    [ 6/18] Fitting ROI: POL        ... done (lambda = 1.00e+03, CV-R2 = 0.000)
    [ 7/18] Fitting ROI: MGd        ... done (lambda = 1.00e+03, CV-R2 = 0.000)
    [ 8/18] Fitting ROI: RSPv       ... done (lambda = 1.00e+03, CV-R2 = 0.000)
    [ 9/18] Fitting ROI: bsc        ... done (lambda = 1.00e+03, CV-R2 = 0.000)
    [10/18] Fitting ROI: MGv        ... done (lambda = 1.00e+03, CV-R2 = 0.000)
    [11/18] Fitting ROI: LGd-co     ... done (lambda = 1.00e+03, CV-R2 = 0.000)
    [12/18] Fitting ROI: RPF        ... done (lambda = 1.00e+03, CV-R2 = 0.000)
    [13/18] Fitting ROI: V3         ... done (lambda = 1.00e+03, CV-R2 = 0.000)
    [14/18] Fitting ROI: OP         ... done (lambda = 1.00e+04, CV-R2 = 0.000)
    [15/18] Fitting ROI: TH         ... done (lambda = 1.00e+03, CV-R2 = 0.000)
    [16/18] Fitting ROI: SGN        ... done (lambda = 1.00e+03, CV-R2 = 0.000)
    [17/18] Fitting ROI: MRNam      ... done (lambda = 1.00e+03, CV-R2 = 0.000)
    [18/18] Fitting ROI: CA1d       ... done (lambda = 1.00e+03, CV-R2 = 0.000)
  18 active regions  (lambda range: 1e+03 – 1e+04)

----------------------------------------
--- Sub 25 / 27 ---
----------------------------------------
  no regions with >= 5 active voxels — skipping.

----------------------------------------
--- Sub 26 / 27 ---
----------------------------------------
  TR = 0.200 s   stim_dur = 15.00 s
  Nuisance projection: removing [wheel, wheel_hrf, interaction_hrf]
    [ 1/ 1] Fitting ROI: APN        ... done (lambda = 1.00e+03, CV-R2 = 0.000)
  1 active regions  (lambda range: 1e+03 – 1e+03)

----------------------------------------
--- Sub 27 / 27 ---
----------------------------------------
  TR = 0.200 s   stim_dur = 15.00 s
  Nuisance projection: removing [wheel, wheel_hrf, interaction_hrf]
    [ 1/20] Fitting ROI: SNr        ... done (lambda = 1.00e+03, CV-R2 = 0.000)
    [ 2/20] Fitting ROI: ccs        ... done (lambda = 1.00e+03, CV-R2 = 0.000)
    [ 3/20] Fitting ROI: LP         ... done (lambda = 1.00e+02, CV-R2 = 0.000)
    [ 4/20] Fitting ROI: APN        ... done (lambda = 1.00e+03, CV-R2 = 0.000)
    [ 5/20] Fitting ROI: HATA       ... done (lambda = 1.00e+03, CV-R2 = 0.000)
    [ 6/20] Fitting ROI: Eth        ... done (lambda = 1.00e+03, CV-R2 = 0.000)
    [ 7/20] Fitting ROI: POL        ... done (lambda = 1.00e+02, CV-R2 = 0.000)
    [ 8/20] Fitting ROI: PoT        ... done (lambda = 1.00e+03, CV-R2 = 0.000)
    [ 9/20] Fitting ROI: RSPd       ... done (lambda = 1.00e+03, CV-R2 = 0.000)
    [10/20] Fitting ROI: RSPv       ... done (lambda = 1.00e+03, CV-R2 = 0.000)
    [11/20] Fitting ROI: MGm        ... done (lambda = 1.00e+03, CV-R2 = 0.000)
    [12/20] Fitting ROI: MGv        ... done (lambda = 1.00e+02, CV-R2 = 0.000)
    [13/20] Fitting ROI: LGd-co     ... done (lambda = 1.00e+02, CV-R2 = 0.000)
    [14/20] Fitting ROI: cing       ... done (lambda = 1.00e+03, CV-R2 = 0.000)
    [15/20] Fitting ROI: dhc        ... done (lambda = 1.00e+03, CV-R2 = 0.000)
    [16/20] Fitting ROI: PIL        ... done (lambda = 1.00e+03, CV-R2 = 0.000)
    [17/20] Fitting ROI: TH         ... done (lambda = 1.00e+02, CV-R2 = 0.000)
    [18/20] Fitting ROI: SGN        ... done (lambda = 1.00e+03, CV-R2 = 0.000)
    [19/20] Fitting ROI: LGd-ip     ... done (lambda = 1.00e+03, CV-R2 = 0.000)
    [20/20] Fitting ROI: CA3i       ... done (lambda = 1.00e+03, CV-R2 = 0.000)
  20 active regions  (lambda range: 100 – 1e+03)

Results saved to:
  /data00/leonardo/github/fUSI_analyses/ANALYSES/VISUAL/HRF_analysis_revision/results_ridge_loo/ridge_loo_M5_Behavior_eta003_HRF12s_clean_wheel_wheel_hrf_interaction_hrf.mat

